Archive member included to satisfy reference by file (symbol)

/home/ruff/programs/AT32_IDE_V1.0.04_Linux_x86_64/AT32IDE_V1.0.04_Linux_X86_64.tar/platform/tools/gcc-arm-none-eabi-10.3-2021.10/bin/../lib/gcc/arm-none-eabi/10.3.1/thumb/v7e-m/nofp/libgcc.a(_aeabi_uldivmod.o)
                              ./firmware/at32f415_crm.o (__aeabi_uldivmod)
/home/ruff/programs/AT32_IDE_V1.0.04_Linux_x86_64/AT32IDE_V1.0.04_Linux_X86_64.tar/platform/tools/gcc-arm-none-eabi-10.3-2021.10/bin/../lib/gcc/arm-none-eabi/10.3.1/thumb/v7e-m/nofp/libgcc.a(_udivmoddi4.o)
                              /home/ruff/programs/AT32_IDE_V1.0.04_Linux_x86_64/AT32IDE_V1.0.04_Linux_X86_64.tar/platform/tools/gcc-arm-none-eabi-10.3-2021.10/bin/../lib/gcc/arm-none-eabi/10.3.1/thumb/v7e-m/nofp/libgcc.a(_aeabi_uldivmod.o) (__udivmoddi4)
/home/ruff/programs/AT32_IDE_V1.0.04_Linux_x86_64/AT32IDE_V1.0.04_Linux_X86_64.tar/platform/tools/gcc-arm-none-eabi-10.3-2021.10/bin/../lib/gcc/arm-none-eabi/10.3.1/thumb/v7e-m/nofp/libgcc.a(_dvmd_tls.o)
                              /home/ruff/programs/AT32_IDE_V1.0.04_Linux_x86_64/AT32IDE_V1.0.04_Linux_X86_64.tar/platform/tools/gcc-arm-none-eabi-10.3-2021.10/bin/../lib/gcc/arm-none-eabi/10.3.1/thumb/v7e-m/nofp/libgcc.a(_aeabi_uldivmod.o) (__aeabi_ldiv0)
/home/ruff/programs/AT32_IDE_V1.0.04_Linux_x86_64/AT32IDE_V1.0.04_Linux_X86_64.tar/platform/tools/gcc-arm-none-eabi-10.3-2021.10/bin/../lib/gcc/arm-none-eabi/10.3.1/../../../../arm-none-eabi/lib/thumb/v7e-m/nofp/libg_nano.a(lib_a-exit.o)
                              /home/ruff/programs/AT32_IDE_V1.0.04_Linux_x86_64/AT32IDE_V1.0.04_Linux_X86_64.tar/platform/tools/gcc-arm-none-eabi-10.3-2021.10/bin/../lib/gcc/arm-none-eabi/10.3.1/../../../../arm-none-eabi/lib/thumb/v7e-m/nofp/crt0.o (exit)
/home/ruff/programs/AT32_IDE_V1.0.04_Linux_x86_64/AT32IDE_V1.0.04_Linux_X86_64.tar/platform/tools/gcc-arm-none-eabi-10.3-2021.10/bin/../lib/gcc/arm-none-eabi/10.3.1/../../../../arm-none-eabi/lib/thumb/v7e-m/nofp/libg_nano.a(lib_a-impure.o)
                              /home/ruff/programs/AT32_IDE_V1.0.04_Linux_x86_64/AT32IDE_V1.0.04_Linux_X86_64.tar/platform/tools/gcc-arm-none-eabi-10.3-2021.10/bin/../lib/gcc/arm-none-eabi/10.3.1/../../../../arm-none-eabi/lib/thumb/v7e-m/nofp/libg_nano.a(lib_a-exit.o) (_global_impure_ptr)
/home/ruff/programs/AT32_IDE_V1.0.04_Linux_x86_64/AT32IDE_V1.0.04_Linux_X86_64.tar/platform/tools/gcc-arm-none-eabi-10.3-2021.10/bin/../lib/gcc/arm-none-eabi/10.3.1/../../../../arm-none-eabi/lib/thumb/v7e-m/nofp/libg_nano.a(lib_a-init.o)
                              /home/ruff/programs/AT32_IDE_V1.0.04_Linux_x86_64/AT32IDE_V1.0.04_Linux_X86_64.tar/platform/tools/gcc-arm-none-eabi-10.3-2021.10/bin/../lib/gcc/arm-none-eabi/10.3.1/../../../../arm-none-eabi/lib/thumb/v7e-m/nofp/crt0.o (__libc_init_array)
/home/ruff/programs/AT32_IDE_V1.0.04_Linux_x86_64/AT32IDE_V1.0.04_Linux_X86_64.tar/platform/tools/gcc-arm-none-eabi-10.3-2021.10/bin/../lib/gcc/arm-none-eabi/10.3.1/../../../../arm-none-eabi/lib/thumb/v7e-m/nofp/libg_nano.a(lib_a-memset.o)
                              /home/ruff/programs/AT32_IDE_V1.0.04_Linux_x86_64/AT32IDE_V1.0.04_Linux_X86_64.tar/platform/tools/gcc-arm-none-eabi-10.3-2021.10/bin/../lib/gcc/arm-none-eabi/10.3.1/../../../../arm-none-eabi/lib/thumb/v7e-m/nofp/crt0.o (memset)
/home/ruff/programs/AT32_IDE_V1.0.04_Linux_x86_64/AT32IDE_V1.0.04_Linux_X86_64.tar/platform/tools/gcc-arm-none-eabi-10.3-2021.10/bin/../lib/gcc/arm-none-eabi/10.3.1/../../../../arm-none-eabi/lib/thumb/v7e-m/nofp/libg_nano.a(lib_a-printf.o)
                              ./user/main.o (printf)
/home/ruff/programs/AT32_IDE_V1.0.04_Linux_x86_64/AT32IDE_V1.0.04_Linux_X86_64.tar/platform/tools/gcc-arm-none-eabi-10.3-2021.10/bin/../lib/gcc/arm-none-eabi/10.3.1/../../../../arm-none-eabi/lib/thumb/v7e-m/nofp/libg_nano.a(lib_a-puts.o)
                              ./user/main.o (puts)
/home/ruff/programs/AT32_IDE_V1.0.04_Linux_x86_64/AT32IDE_V1.0.04_Linux_X86_64.tar/platform/tools/gcc-arm-none-eabi-10.3-2021.10/bin/../lib/gcc/arm-none-eabi/10.3.1/../../../../arm-none-eabi/lib/thumb/v7e-m/nofp/libg_nano.a(lib_a-wbuf.o)
                              /home/ruff/programs/AT32_IDE_V1.0.04_Linux_x86_64/AT32IDE_V1.0.04_Linux_X86_64.tar/platform/tools/gcc-arm-none-eabi-10.3-2021.10/bin/../lib/gcc/arm-none-eabi/10.3.1/../../../../arm-none-eabi/lib/thumb/v7e-m/nofp/libg_nano.a(lib_a-puts.o) (__swbuf_r)
/home/ruff/programs/AT32_IDE_V1.0.04_Linux_x86_64/AT32IDE_V1.0.04_Linux_X86_64.tar/platform/tools/gcc-arm-none-eabi-10.3-2021.10/bin/../lib/gcc/arm-none-eabi/10.3.1/../../../../arm-none-eabi/lib/thumb/v7e-m/nofp/libg_nano.a(lib_a-wsetup.o)
                              /home/ruff/programs/AT32_IDE_V1.0.04_Linux_x86_64/AT32IDE_V1.0.04_Linux_X86_64.tar/platform/tools/gcc-arm-none-eabi-10.3-2021.10/bin/../lib/gcc/arm-none-eabi/10.3.1/../../../../arm-none-eabi/lib/thumb/v7e-m/nofp/libg_nano.a(lib_a-puts.o) (__swsetup_r)
[...]
Memory Configuration

Name             Origin             Length             Attributes
FLASH            0x0000000008000000 0x0000000000040000 xr
RAM              0x0000000020000000 0x0000000000008000 xrw
*default*        0x0000000000000000 0xffffffffffffffff

Linker script and memory map

LOAD /home/ruff/programs/AT32_IDE_V1.0.04_Linux_x86_64/AT32IDE_V1.0.04_Linux_X86_64.tar/platform/tools/gcc-arm-none-eabi-10.3-2021.10/bin/../lib/gcc/arm-none-eabi/10.3.1/thumb/v7e-m/nofp/crti.o
LOAD /home/ruff/programs/AT32_IDE_V1.0.04_Linux_x86_64/AT32IDE_V1.0.04_Linux_X86_64.tar/platform/tools/gcc-arm-none-eabi-10.3-2021.10/bin/../lib/gcc/arm-none-eabi/10.3.1/thumb/v7e-m/nofp/crtbegin.o
LOAD /home/ruff/programs/AT32_IDE_V1.0.04_Linux_x86_64/AT32IDE_V1.0.04_Linux_X86_64.tar/platform/tools/gcc-arm-none-eabi-10.3-2021.10/bin/../lib/gcc/arm-none-eabi/10.3.1/../../../../arm-none-eabi/lib/thumb/v7e-m/nofp/crt0.o
LOAD ./user/at32f415_clock.o
LOAD ./user/at32f415_int.o
LOAD ./user/main.o
LOAD ./firmware/at32f415_adc.o
LOAD ./firmware/at32f415_can.o
LOAD ./firmware/at32f415_cmp.o
LOAD ./firmware/at32f415_crc.o
LOAD ./firmware/at32f415_crm.o
LOAD ./firmware/at32f415_debug.o
LOAD ./firmware/at32f415_dma.o
LOAD ./firmware/at32f415_ertc.o
LOAD ./firmware/at32f415_exint.o
LOAD ./firmware/at32f415_flash.o
LOAD ./firmware/at32f415_gpio.o
LOAD ./firmware/at32f415_i2c.o
LOAD ./firmware/at32f415_misc.o
LOAD ./firmware/at32f415_pwc.o
LOAD ./firmware/at32f415_sdio.o
LOAD ./firmware/at32f415_spi.o
LOAD ./firmware/at32f415_tmr.o
LOAD ./firmware/at32f415_usart.o
LOAD ./firmware/at32f415_usb.o
LOAD ./firmware/at32f415_wdt.o
LOAD ./firmware/at32f415_wwdt.o
LOAD ./cmsis/startup_at32f415.o
LOAD ./cmsis/system_at32f415.o
LOAD ./bsp/iap/crc16.o
LOAD ./bsp/iap/iap.o
LOAD ./bsp/iap/iap_gpio.o
LOAD ./bsp/iap/ymodem.o
LOAD ./bsp/eeprom/eeprom.o
LOAD ./bsp/at32f415_board.o
LOAD ./bsp/d1_uart.o
LOAD ./bsp/flash.o
LOAD ./bsp/mcu_gpio.o
LOAD ./bsp/tmr3.o
START GROUP
LOAD /home/ruff/programs/AT32_IDE_V1.0.04_Linux_x86_64/AT32IDE_V1.0.04_Linux_X86_64.tar/platform/tools/gcc-arm-none-eabi-10.3-2021.10/bin/../lib/gcc/arm-none-eabi/10.3.1/thumb/v7e-m/nofp/libgcc.a
LOAD /home/ruff/programs/AT32_IDE_V1.0.04_Linux_x86_64/AT32IDE_V1.0.04_Linux_X86_64.tar/platform/tools/gcc-arm-none-eabi-10.3-2021.10/bin/../lib/gcc/arm-none-eabi/10.3.1/../../../../arm-none-eabi/lib/thumb/v7e-m/nofp/libg_nano.a
LOAD /home/ruff/programs/AT32_IDE_V1.0.04_Linux_x86_64/AT32IDE_V1.0.04_Linux_X86_64.tar/platform/tools/gcc-arm-none-eabi-10.3-2021.10/bin/../lib/gcc/arm-none-eabi/10.3.1/../../../../arm-none-eabi/lib/thumb/v7e-m/nofp/libc_nano.a
END GROUP
START GROUP
LOAD /home/ruff/programs/AT32_IDE_V1.0.04_Linux_x86_64/AT32IDE_V1.0.04_Linux_X86_64.tar/platform/tools/gcc-arm-none-eabi-10.3-2021.10/bin/../lib/gcc/arm-none-eabi/10.3.1/thumb/v7e-m/nofp/libgcc.a
LOAD /home/ruff/programs/AT32_IDE_V1.0.04_Linux_x86_64/AT32IDE_V1.0.04_Linux_X86_64.tar/platform/tools/gcc-arm-none-eabi-10.3-2021.10/bin/../lib/gcc/arm-none-eabi/10.3.1/../../../../arm-none-eabi/lib/thumb/v7e-m/nofp/libc_nano.a
LOAD /home/ruff/programs/AT32_IDE_V1.0.04_Linux_x86_64/AT32IDE_V1.0.04_Linux_X86_64.tar/platform/tools/gcc-arm-none-eabi-10.3-2021.10/bin/../lib/gcc/arm-none-eabi/10.3.1/../../../../arm-none-eabi/lib/thumb/v7e-m/nofp/libnosys.a
END GROUP
START GROUP
LOAD /home/ruff/programs/AT32_IDE_V1.0.04_Linux_x86_64/AT32IDE_V1.0.04_Linux_X86_64.tar/platform/tools/gcc-arm-none-eabi-10.3-2021.10/bin/../lib/gcc/arm-none-eabi/10.3.1/thumb/v7e-m/nofp/libgcc.a
LOAD /home/ruff/programs/AT32_IDE_V1.0.04_Linux_x86_64/AT32IDE_V1.0.04_Linux_X86_64.tar/platform/tools/gcc-arm-none-eabi-10.3-2021.10/bin/../lib/gcc/arm-none-eabi/10.3.1/../../../../arm-none-eabi/lib/thumb/v7e-m/nofp/libc_nano.a
LOAD /home/ruff/programs/AT32_IDE_V1.0.04_Linux_x86_64/AT32IDE_V1.0.04_Linux_X86_64.tar/platform/tools/gcc-arm-none-eabi-10.3-2021.10/bin/../lib/gcc/arm-none-eabi/10.3.1/../../../../arm-none-eabi/lib/thumb/v7e-m/nofp/libnosys.a
END GROUP
LOAD /home/ruff/programs/AT32_IDE_V1.0.04_Linux_x86_64/AT32IDE_V1.0.04_Linux_X86_64.tar/platform/tools/gcc-arm-none-eabi-10.3-2021.10/bin/../lib/gcc/arm-none-eabi/10.3.1/thumb/v7e-m/nofp/crtend.o
LOAD /home/ruff/programs/AT32_IDE_V1.0.04_Linux_x86_64/AT32IDE_V1.0.04_Linux_X86_64.tar/platform/tools/gcc-arm-none-eabi-10.3-2021.10/bin/../lib/gcc/arm-none-eabi/10.3.1/thumb/v7e-m/nofp/crtn.o
                0x0000000020008000                _estack = 0x20008000
                0x0000000000000200                _Min_Heap_Size = 0x200
                0x0000000000000400                _Min_Stack_Size = 0x400

.isr_vector     0x0000000008000000      0x170
                0x0000000008000000                . = ALIGN (0x4)
 *(.isr_vector)
 .isr_vector    0x0000000008000000      0x170 ./cmsis/startup_at32f415.o
                0x0000000008000000                g_pfnVectors
                0x0000000008000170                . = ALIGN (0x4)

.text           0x0000000008000170     0x35fc
                0x0000000008000170                . = ALIGN (0x4)
 *(.text)
 .text          0x0000000008000170       0x40 /home/ruff/programs/AT32_IDE_V1.0.04_Linux_x86_64/AT32IDE_V1.0.04_Linux_X86_64.tar/platform/tools/gcc-arm-none-eabi-10.3-2021.10/bin/../lib/gcc/arm-none-eabi/10.3.1/thumb/v7e-m/nofp/crtbegin.o
 .text          0x00000000080001b0       0x30 /home/ruff/programs/AT32_IDE_V1.0.04_Linux_x86_64/AT32IDE_V1.0.04_Linux_X86_64.tar/platform/tools/gcc-arm-none-eabi-10.3-2021.10/bin/../lib/gcc/arm-none-eabi/10.3.1/thumb/v7e-m/nofp/libgcc.a(_aeabi_uldivmod.o)
                0x00000000080001b0                __aeabi_uldivmod
 .text          0x00000000080001e0      0x2d0 /home/ruff/programs/AT32_IDE_V1.0.04_Linux_x86_64/AT32IDE_V1.0.04_Linux_X86_64.tar/platform/tools/gcc-arm-none-eabi-10.3-2021.10/bin/../lib/gcc/arm-none-eabi/10.3.1/thumb/v7e-m/nofp/libgcc.a(_udivmoddi4.o)
                0x00000000080001e0                __udivmoddi4
 .text          0x00000000080004b0        0x4 /home/ruff/programs/AT32_IDE_V1.0.04_Linux_x86_64/AT32IDE_V1.0.04_Linux_X86_64.tar/platform/tools/gcc-arm-none-eabi-10.3-2021.10/bin/../lib/gcc/arm-none-eabi/10.3.1/thumb/v7e-m/nofp/libgcc.a(_dvmd_tls.o)
                0x00000000080004b0                __aeabi_ldiv0
                0x00000000080004b0                __aeabi_idiv0
 *fill*         0x00000000080004b4        0xc 
 .text          0x00000000080004c0       0xa0 /home/ruff/programs/AT32_IDE_V1.0.04_Linux_x86_64/AT32IDE_V1.0.04_Linux_X86_64.tar/platform/tools/gcc-arm-none-eabi-10.3-2021.10/bin/../lib/gcc/arm-none-eabi/10.3.1/../../../../arm-none-eabi/lib/thumb/v7e-m/nofp/libg_nano.a(lib_a-memchr.o)
                0x00000000080004c0                memchr
 *(.text*)
 .text.system_clock_config
                0x0000000008000560       0x84 ./user/at32f415_clock.o
                0x0000000008000560                system_clock_config
 .text.NMI_Handler
                0x00000000080005e4        0xc ./user/at32f415_int.o
                0x00000000080005e4                NMI_Handler
 .text.HardFault_Handler
                0x00000000080005f0        0x6 ./user/at32f415_int.o
                0x00000000080005f0                HardFault_Handler
 .text.MemManage_Handler
                0x00000000080005f6        0x6 ./user/at32f415_int.o
                0x00000000080005f6                MemManage_Handler
 .text.BusFault_Handler
                0x00000000080005fc        0x6 ./user/at32f415_int.o
                0x00000000080005fc                BusFault_Handler
 .text.UsageFault_Handler
                0x0000000008000602        0x6 ./user/at32f415_int.o
                0x0000000008000602                UsageFault_Handler
 .text.SVC_Handler
                0x0000000008000608        0xc ./user/at32f415_int.o
                0x0000000008000608                SVC_Handler
 .text.DebugMon_Handler
                0x0000000008000614        0xc ./user/at32f415_int.o
                0x0000000008000614                DebugMon_Handler
 .text.PendSV_Handler
                0x0000000008000620        0xc ./user/at32f415_int.o
                0x0000000008000620                PendSV_Handler
 .text.SysTick_Handler
                0x000000000800062c        0xc ./user/at32f415_int.o
                0x000000000800062c                SysTick_Handler
 .text.button_isr
                0x0000000008000638       0x40 ./user/main.o
                0x0000000008000638                button_isr
 .text.EXINT0_IRQHandler
                0x0000000008000678        0xc ./user/main.o
                0x0000000008000678                EXINT0_IRQHandler
 .text.main     0x0000000008000684       0xf4 ./user/main.o
                0x0000000008000684                main
 .text.crm_reset
                0x0000000008000778       0x74 ./firmware/at32f415_crm.o
                0x0000000008000778                crm_reset
 .text.crm_flag_get
                0x00000000080007ec       0x4e ./firmware/at32f415_crm.o
                0x00000000080007ec                crm_flag_get
 .text.crm_periph_clock_enable
                0x000000000800083a       0x7a ./firmware/at32f415_crm.o
                0x000000000800083a                crm_periph_clock_enable
 .text.crm_clock_source_enable
                0x00000000080008b4       0xa4 ./firmware/at32f415_crm.o
                0x00000000080008b4                crm_clock_source_enable
 .text.crm_ahb_div_set
                0x0000000008000958       0x2c ./firmware/at32f415_crm.o
                0x0000000008000958                crm_ahb_div_set
 .text.crm_apb1_div_set
                0x0000000008000984       0x2c ./firmware/at32f415_crm.o
                0x0000000008000984                crm_apb1_div_set
 .text.crm_apb2_div_set
                0x00000000080009b0       0x2c ./firmware/at32f415_crm.o
                0x00000000080009b0                crm_apb2_div_set
 .text.crm_pll_config
                0x00000000080009dc      0x15c ./firmware/at32f415_crm.o
                0x00000000080009dc                crm_pll_config
 .text.crm_sysclk_switch
                0x0000000008000b38       0x2c ./firmware/at32f415_crm.o
                0x0000000008000b38                crm_sysclk_switch
 .text.crm_sysclk_switch_status_get
                0x0000000008000b64       0x1c ./firmware/at32f415_crm.o
                0x0000000008000b64                crm_sysclk_switch_status_get
 .text.crm_clocks_freq_get
                0x0000000008000b80      0x26c ./firmware/at32f415_crm.o
                0x0000000008000b80                crm_clocks_freq_get
 .text.crm_auto_step_mode_enable
                0x0000000008000dec       0x34 ./firmware/at32f415_crm.o
                0x0000000008000dec                crm_auto_step_mode_enable
 .text.exint_flag_clear
                0x0000000008000e20       0x1c ./firmware/at32f415_exint.o
                0x0000000008000e20                exint_flag_clear
 .text.flash_operation_status_get
                0x0000000008000e3c       0x5c ./firmware/at32f415_flash.o
                0x0000000008000e3c                flash_operation_status_get
 .text.flash_operation_wait_for
                0x0000000008000e98       0x44 ./firmware/at32f415_flash.o
                0x0000000008000e98                flash_operation_wait_for
 .text.flash_unlock
                0x0000000008000edc       0x24 ./firmware/at32f415_flash.o
                0x0000000008000edc                flash_unlock
 .text.flash_lock
                0x0000000008000f00       0x1c ./firmware/at32f415_flash.o
                0x0000000008000f00                flash_lock
 .text.flash_sector_erase
                0x0000000008000f1c       0x5c ./firmware/at32f415_flash.o
                0x0000000008000f1c                flash_sector_erase
 .text.flash_halfword_program
                0x0000000008000f78       0x58 ./firmware/at32f415_flash.o
                0x0000000008000f78                flash_halfword_program
 .text.gpio_init
                0x0000000008000fd0      0x136 ./firmware/at32f415_gpio.o
                0x0000000008000fd0                gpio_init
 .text.gpio_default_para_init
                0x0000000008001106       0x32 ./firmware/at32f415_gpio.o
                0x0000000008001106                gpio_default_para_init
 .text.gpio_input_data_bit_read
                0x0000000008001138       0x34 ./firmware/at32f415_gpio.o
                0x0000000008001138                gpio_input_data_bit_read
 .text.__NVIC_SetPriorityGrouping
                0x000000000800116c       0x48 ./firmware/at32f415_misc.o
 .text.__NVIC_GetPriorityGrouping
                0x00000000080011b4       0x1c ./firmware/at32f415_misc.o
 .text.__NVIC_EnableIRQ
                0x00000000080011d0       0x38 ./firmware/at32f415_misc.o
 .text.__NVIC_DisableIRQ
                0x0000000008001208       0x48 ./firmware/at32f415_misc.o
 .text.__NVIC_SetPriority
                0x0000000008001250       0x54 ./firmware/at32f415_misc.o
 .text.NVIC_EncodePriority
                0x00000000080012a4       0x64 ./firmware/at32f415_misc.o
 .text.nvic_irq_enable
                0x0000000008001308       0x42 ./firmware/at32f415_misc.o
                0x0000000008001308                nvic_irq_enable
 .text.nvic_irq_disable
                0x000000000800134a       0x1c ./firmware/at32f415_misc.o
                0x000000000800134a                nvic_irq_disable
 .text.nvic_priority_group_config
                0x0000000008001366       0x1a ./firmware/at32f415_misc.o
                0x0000000008001366                nvic_priority_group_config
 .text.systick_clock_source_config
                0x0000000008001380       0x38 ./firmware/at32f415_misc.o
                0x0000000008001380                systick_clock_source_config
 .text.tmr_flag_get
                0x00000000080013b8       0x30 ./firmware/at32f415_tmr.o
                0x00000000080013b8                tmr_flag_get
 .text.tmr_flag_clear
                0x00000000080013e8       0x1c ./firmware/at32f415_tmr.o
                0x00000000080013e8                tmr_flag_clear
 .text.usart_init
                0x0000000008001404       0xbc ./firmware/at32f415_usart.o
                0x0000000008001404                usart_init
 .text.usart_enable
                0x00000000080014c0       0x28 ./firmware/at32f415_usart.o
                0x00000000080014c0                usart_enable
 .text.usart_transmitter_enable
                0x00000000080014e8       0x28 ./firmware/at32f415_usart.o
                0x00000000080014e8                usart_transmitter_enable
 .text.usart_receiver_enable
                0x0000000008001510       0x28 ./firmware/at32f415_usart.o
                0x0000000008001510                usart_receiver_enable
 .text.usart_interrupt_enable
                0x0000000008001538       0x66 ./firmware/at32f415_usart.o
                0x0000000008001538                usart_interrupt_enable
 .text.usart_data_transmit
                0x000000000800159e       0x20 ./firmware/at32f415_usart.o
                0x000000000800159e                usart_data_transmit
 .text.usart_data_receive
                0x00000000080015be       0x18 ./firmware/at32f415_usart.o
                0x00000000080015be                usart_data_receive
 .text.usart_flag_get
                0x00000000080015d6       0x26 ./firmware/at32f415_usart.o
                0x00000000080015d6                usart_flag_get
 .text.Reset_Handler
                0x00000000080015fc       0x48 ./cmsis/startup_at32f415.o
                0x00000000080015fc                Reset_Handler
 .text.Default_Handler
                0x0000000008001644        0x2 ./cmsis/startup_at32f415.o
                0x0000000008001644                SDIO1_IRQHandler
                0x0000000008001644                EXINT2_IRQHandler
                0x0000000008001644                I2C2_EVT_IRQHandler
                0x0000000008001644                TMR1_OVF_TMR10_IRQHandler
                0x0000000008001644                I2C1_ERR_IRQHandler
                0x0000000008001644                EXINT9_5_IRQHandler
                0x0000000008001644                TMR5_GLOBAL_IRQHandler
                0x0000000008001644                CMP2_IRQHandler
                0x0000000008001644                ERTC_IRQHandler
                0x0000000008001644                CAN1_RX0_IRQHandler
                0x0000000008001644                SPI1_IRQHandler
                0x0000000008001644                TAMPER_IRQHandler
                0x0000000008001644                OTGFS1_IRQHandler
                0x0000000008001644                CMP1_IRQHandler
                0x0000000008001644                DMA2_Channel2_IRQHandler
                0x0000000008001644                DMA1_Channel4_IRQHandler
                0x0000000008001644                ADC1_IRQHandler
                0x0000000008001644                USART3_IRQHandler
                0x0000000008001644                DMA1_Channel7_IRQHandler
                0x0000000008001644                CAN1_RX1_IRQHandler
                0x0000000008001644                UART5_IRQHandler
                0x0000000008001644                DMA2_Channel1_IRQHandler
                0x0000000008001644                EXINT3_IRQHandler
                0x0000000008001644                DMA1_Channel6_IRQHandler
                0x0000000008001644                UART4_IRQHandler
                0x0000000008001644                ERTCAlarm_IRQHandler
                0x0000000008001644                DMA1_Channel1_IRQHandler
                0x0000000008001644                Default_Handler
                0x0000000008001644                CAN1_SE_IRQHandler
                0x0000000008001644                TMR1_BRK_TMR9_IRQHandler
                0x0000000008001644                SPI2_IRQHandler
                0x0000000008001644                TMR1_TRG_HALL_TMR11_IRQHandler
                0x0000000008001644                CAN1_TX_IRQHandler
                0x0000000008001644                DMA1_Channel5_IRQHandler
                0x0000000008001644                TMR4_GLOBAL_IRQHandler
                0x0000000008001644                EXINT4_IRQHandler
                0x0000000008001644                DMA2_Channel6_7_IRQHandler
                0x0000000008001644                PVM_IRQHandler
                0x0000000008001644                DMA1_Channel3_IRQHandler
                0x0000000008001644                I2C1_EVT_IRQHandler
                0x0000000008001644                EXINT1_IRQHandler
                0x0000000008001644                DMA2_Channel4_5_IRQHandler
                0x0000000008001644                USART2_IRQHandler
                0x0000000008001644                DMA1_Channel2_IRQHandler
                0x0000000008001644                TMR2_GLOBAL_IRQHandler
                0x0000000008001644                FLASH_IRQHandler
                0x0000000008001644                I2C2_ERR_IRQHandler
                0x0000000008001644                TMR1_CH_IRQHandler
                0x0000000008001644                CRM_IRQHandler
                0x0000000008001644                OTGFS1_WKUP_IRQHandler
                0x0000000008001644                EXINT15_10_IRQHandler
                0x0000000008001644                WWDT_IRQHandler
                0x0000000008001644                DMA2_Channel3_IRQHandler
 *fill*         0x0000000008001646        0x2 
 .text.SystemInit
                0x0000000008001648       0xa8 ./cmsis/system_at32f415.o
                0x0000000008001648                SystemInit
 .text.system_core_clock_update
                0x00000000080016f0      0x1ec ./cmsis/system_at32f415.o
                0x00000000080016f0                system_core_clock_update
 .text.UpdateCRC16
                0x00000000080018dc       0x66 ./bsp/iap/crc16.o
 .text.Cal_CRC16
                0x0000000008001942       0x62 ./bsp/iap/crc16.o
                0x0000000008001942                Cal_CRC16
 .text.__NVIC_ClearPendingIRQ
                0x00000000080019a4       0x3c ./bsp/iap/iap.o
 .text.write_to_app_start
                0x00000000080019e0       0x28 ./bsp/iap/iap.o
                0x00000000080019e0                write_to_app_start
 .text.app_load
                0x0000000008001a08       0x98 ./bsp/iap/iap.o
                0x0000000008001a08                app_load
 .text.init_iap_gpio
                0x0000000008001aa0       0x1c ./bsp/iap/iap_gpio.o
                0x0000000008001aa0                init_iap_gpio
 .text.printRXBuf
                0x0000000008001abc       0x14 ./bsp/iap/ymodem.o
                0x0000000008001abc                printRXBuf
 .text.UART_ReceiveEx
                0x0000000008001ad0      0x1f8 ./bsp/iap/ymodem.o
                0x0000000008001ad0                UART_ReceiveEx
 .text.extract_file_name_size
                0x0000000008001cc8       0x8c ./bsp/iap/ymodem.o
                0x0000000008001cc8                extract_file_name_size
 .text.send_response
                0x0000000008001d54       0x4c ./bsp/iap/ymodem.o
                0x0000000008001d54                send_response
 .text.SerialDownload
                0x0000000008001da0      0x2bc ./bsp/iap/ymodem.o
                0x0000000008001da0                SerialDownload
 .text.print_welcome
                0x000000000800205c       0x38 ./bsp/at32f415_board.o
                0x000000000800205c                print_welcome
 .text.__io_putchar
                0x0000000008002094       0x34 ./bsp/at32f415_board.o
                0x0000000008002094                __io_putchar
 .text._write   0x00000000080020c8       0x38 ./bsp/at32f415_board.o
                0x00000000080020c8                _write
 .text.uart_print_init
                0x0000000008002100       0x78 ./bsp/at32f415_board.o
                0x0000000008002100                uart_print_init
 .text.at32_board_init
                0x0000000008002178       0x28 ./bsp/at32f415_board.o
                0x0000000008002178                at32_board_init
 .text.at32_led_init
                0x00000000080021a0       0x68 ./bsp/at32f415_board.o
                0x00000000080021a0                at32_led_init
 .text.at32_led_on
                0x0000000008002208       0x44 ./bsp/at32f415_board.o
                0x0000000008002208                at32_led_on
 .text.at32_led_toggle
                0x000000000800224c       0x50 ./bsp/at32f415_board.o
                0x000000000800224c                at32_led_toggle
 .text.delay_init
                0x000000000800229c       0x40 ./bsp/at32f415_board.o
                0x000000000800229c                delay_init
 .text.delay_ms
                0x00000000080022dc       0x98 ./bsp/at32f415_board.o
                0x00000000080022dc                delay_ms
 .text.data_send
                0x0000000008002374       0x50 ./bsp/d1_uart.o
                0x0000000008002374                data_send
 .text.init_d1_uart
                0x00000000080023c4       0xd4 ./bsp/d1_uart.o
                0x00000000080023c4                init_d1_uart
 .text.USART1_IRQHandler
                0x0000000008002498       0xdc ./bsp/d1_uart.o
                0x0000000008002498                USART1_IRQHandler
 .text.flash_2kb_write
                0x0000000008002574       0x7c ./bsp/flash.o
                0x0000000008002574                flash_2kb_write
 .text.init_gpio
                0x00000000080025f0       0x52 ./bsp/mcu_gpio.o
                0x00000000080025f0                init_gpio
 .text.init_gpio_input
                0x0000000008002642       0x2e ./bsp/mcu_gpio.o
                0x0000000008002642                init_gpio_input
 .text.TMR3_GLOBAL_IRQHandler
                0x0000000008002670       0x28 ./bsp/tmr3.o
                0x0000000008002670                TMR3_GLOBAL_IRQHandler
 .text.__libc_init_array
                0x0000000008002698       0x48 /home/ruff/programs/AT32_IDE_V1.0.04_Linux_x86_64/AT32IDE_V1.0.04_Linux_X86_64.tar/platform/tools/gcc-arm-none-eabi-10.3-2021.10/bin/../lib/gcc/arm-none-eabi/10.3.1/../../../../arm-none-eabi/lib/thumb/v7e-m/nofp/libg_nano.a(lib_a-init.o)
                0x0000000008002698                __libc_init_array
 .text.memset   0x00000000080026e0       0x10 /home/ruff/programs/AT32_IDE_V1.0.04_Linux_x86_64/AT32IDE_V1.0.04_Linux_X86_64.tar/platform/tools/gcc-arm-none-eabi-10.3-2021.10/bin/../lib/gcc/arm-none-eabi/10.3.1/../../../../arm-none-eabi/lib/thumb/v7e-m/nofp/libg_nano.a(lib_a-memset.o)
                0x00000000080026e0                memset
 .text.printf   0x00000000080026f0       0x30 /home/ruff/programs/AT32_IDE_V1.0.04_Linux_x86_64/AT32IDE_V1.0.04_Linux_X86_64.tar/platform/tools/gcc-arm-none-eabi-10.3-2021.10/bin/../lib/gcc/arm-none-eabi/10.3.1/../../../../arm-none-eabi/lib/thumb/v7e-m/nofp/libg_nano.a(lib_a-printf.o)
                0x00000000080026f0                printf
                0x00000000080026f0                iprintf
 .text._puts_r  0x0000000008002720       0xdc /home/ruff/programs/AT32_IDE_V1.0.04_Linux_x86_64/AT32IDE_V1.0.04_Linux_X86_64.tar/platform/tools/gcc-arm-none-eabi-10.3-2021.10/bin/../lib/gcc/arm-none-eabi/10.3.1/../../../../arm-none-eabi/lib/thumb/v7e-m/nofp/libg_nano.a(lib_a-puts.o)
                0x0000000008002720                _puts_r
 .text.puts     0x00000000080027fc       0x10 /home/ruff/programs/AT32_IDE_V1.0.04_Linux_x86_64/AT32IDE_V1.0.04_Linux_X86_64.tar/platform/tools/gcc-arm-none-eabi-10.3-2021.10/bin/../lib/gcc/arm-none-eabi/10.3.1/../../../../arm-none-eabi/lib/thumb/v7e-m/nofp/libg_nano.a(lib_a-puts.o)
                0x00000000080027fc                puts
 .text.__swbuf_r
                0x000000000800280c       0xa4 /home/ruff/programs/AT32_IDE_V1.0.04_Linux_x86_64/AT32IDE_V1.0.04_Linux_X86_64.tar/platform/tools/gcc-arm-none-eabi-10.3-2021.10/bin/../lib/gcc/arm-none-eabi/10.3.1/../../../../arm-none-eabi/lib/thumb/v7e-m/nofp/libg_nano.a(lib_a-wbuf.o)
                0x000000000800280c                __swbuf_r
 .text.__swsetup_r
                0x00000000080028b0       0xdc /home/ruff/programs/AT32_IDE_V1.0.04_Linux_x86_64/AT32IDE_V1.0.04_Linux_X86_64.tar/platform/tools/gcc-arm-none-eabi-10.3-2021.10/bin/../lib/gcc/arm-none-eabi/10.3.1/../../../../arm-none-eabi/lib/thumb/v7e-m/nofp/libg_nano.a(lib_a-wsetup.o)
                0x00000000080028b0                __swsetup_r
 .text.__sflush_r
                0x000000000800298c      0x104 /home/ruff/programs/AT32_IDE_V1.0.04_Linux_x86_64/AT32IDE_V1.0.04_Linux_X86_64.tar/platform/tools/gcc-arm-none-eabi-10.3-2021.10/bin/../lib/gcc/arm-none-eabi/10.3.1/../../../../arm-none-eabi/lib/thumb/v7e-m/nofp/libg_nano.a(lib_a-fflush.o)
                0x000000000800298c                __sflush_r
 .text._fflush_r
                0x0000000008002a90       0x78 /home/ruff/programs/AT32_IDE_V1.0.04_Linux_x86_64/AT32IDE_V1.0.04_Linux_X86_64.tar/platform/tools/gcc-arm-none-eabi-10.3-2021.10/bin/../lib/gcc/arm-none-eabi/10.3.1/../../../../arm-none-eabi/lib/thumb/v7e-m/nofp/libg_nano.a(lib_a-fflush.o)
                0x0000000008002a90                _fflush_r
 .text.std      0x0000000008002b08       0x48 /home/ruff/programs/AT32_IDE_V1.0.04_Linux_x86_64/AT32IDE_V1.0.04_Linux_X86_64.tar/platform/tools/gcc-arm-none-eabi-10.3-2021.10/bin/../lib/gcc/arm-none-eabi/10.3.1/../../../../arm-none-eabi/lib/thumb/v7e-m/nofp/libg_nano.a(lib_a-findfp.o)
 .text._cleanup_r
                0x0000000008002b50        0xc /home/ruff/programs/AT32_IDE_V1.0.04_Linux_x86_64/AT32IDE_V1.0.04_Linux_X86_64.tar/platform/tools/gcc-arm-none-eabi-10.3-2021.10/bin/../lib/gcc/arm-none-eabi/10.3.1/../../../../arm-none-eabi/lib/thumb/v7e-m/nofp/libg_nano.a(lib_a-findfp.o)
                0x0000000008002b50                _cleanup_r
 .text.__sfmoreglue
                0x0000000008002b5c       0x2c /home/ruff/programs/AT32_IDE_V1.0.04_Linux_x86_64/AT32IDE_V1.0.04_Linux_X86_64.tar/platform/tools/gcc-arm-none-eabi-10.3-2021.10/bin/../lib/gcc/arm-none-eabi/10.3.1/../../../../arm-none-eabi/lib/thumb/v7e-m/nofp/libg_nano.a(lib_a-findfp.o)
                0x0000000008002b5c                __sfmoreglue
 .text.__sfp_lock_acquire
                0x0000000008002b88        0xc /home/ruff/programs/AT32_IDE_V1.0.04_Linux_x86_64/AT32IDE_V1.0.04_Linux_X86_64.tar/platform/tools/gcc-arm-none-eabi-10.3-2021.10/bin/../lib/gcc/arm-none-eabi/10.3.1/../../../../arm-none-eabi/lib/thumb/v7e-m/nofp/libg_nano.a(lib_a-findfp.o)
                0x0000000008002b88                __sfp_lock_acquire
 .text.__sfp_lock_release
                0x0000000008002b94        0xc /home/ruff/programs/AT32_IDE_V1.0.04_Linux_x86_64/AT32IDE_V1.0.04_Linux_X86_64.tar/platform/tools/gcc-arm-none-eabi-10.3-2021.10/bin/../lib/gcc/arm-none-eabi/10.3.1/../../../../arm-none-eabi/lib/thumb/v7e-m/nofp/libg_nano.a(lib_a-findfp.o)
                0x0000000008002b94                __sfp_lock_release
 .text.__sinit_lock_acquire
                0x0000000008002ba0        0xc /home/ruff/programs/AT32_IDE_V1.0.04_Linux_x86_64/AT32IDE_V1.0.04_Linux_X86_64.tar/platform/tools/gcc-arm-none-eabi-10.3-2021.10/bin/../lib/gcc/arm-none-eabi/10.3.1/../../../../arm-none-eabi/lib/thumb/v7e-m/nofp/libg_nano.a(lib_a-findfp.o)
                0x0000000008002ba0                __sinit_lock_acquire
 .text.__sinit_lock_release
                0x0000000008002bac        0xc /home/ruff/programs/AT32_IDE_V1.0.04_Linux_x86_64/AT32IDE_V1.0.04_Linux_X86_64.tar/platform/tools/gcc-arm-none-eabi-10.3-2021.10/bin/../lib/gcc/arm-none-eabi/10.3.1/../../../../arm-none-eabi/lib/thumb/v7e-m/nofp/libg_nano.a(lib_a-findfp.o)
                0x0000000008002bac                __sinit_lock_release
 .text.__sinit  0x0000000008002bb8       0x70 /home/ruff/programs/AT32_IDE_V1.0.04_Linux_x86_64/AT32IDE_V1.0.04_Linux_X86_64.tar/platform/tools/gcc-arm-none-eabi-10.3-2021.10/bin/../lib/gcc/arm-none-eabi/10.3.1/../../../../arm-none-eabi/lib/thumb/v7e-m/nofp/libg_nano.a(lib_a-findfp.o)
                0x0000000008002bb8                __sinit
 .text.__sfp    0x0000000008002c28       0x8c /home/ruff/programs/AT32_IDE_V1.0.04_Linux_x86_64/AT32IDE_V1.0.04_Linux_X86_64.tar/platform/tools/gcc-arm-none-eabi-10.3-2021.10/bin/../lib/gcc/arm-none-eabi/10.3.1/../../../../arm-none-eabi/lib/thumb/v7e-m/nofp/libg_nano.a(lib_a-findfp.o)
                0x0000000008002c28                __sfp
 .text._fwalk_reent
                0x0000000008002cb4       0x3e /home/ruff/programs/AT32_IDE_V1.0.04_Linux_x86_64/AT32IDE_V1.0.04_Linux_X86_64.tar/platform/tools/gcc-arm-none-eabi-10.3-2021.10/bin/../lib/gcc/arm-none-eabi/10.3.1/../../../../arm-none-eabi/lib/thumb/v7e-m/nofp/libg_nano.a(lib_a-fwalk.o)
                0x0000000008002cb4                _fwalk_reent
 .text.__retarget_lock_init_recursive
                0x0000000008002cf2        0x2 /home/ruff/programs/AT32_IDE_V1.0.04_Linux_x86_64/AT32IDE_V1.0.04_Linux_X86_64.tar/platform/tools/gcc-arm-none-eabi-10.3-2021.10/bin/../lib/gcc/arm-none-eabi/10.3.1/../../../../arm-none-eabi/lib/thumb/v7e-m/nofp/libg_nano.a(lib_a-lock.o)
                0x0000000008002cf2                __retarget_lock_init_recursive
 .text.__retarget_lock_acquire_recursive
                0x0000000008002cf4        0x2 /home/ruff/programs/AT32_IDE_V1.0.04_Linux_x86_64/AT32IDE_V1.0.04_Linux_X86_64.tar/platform/tools/gcc-arm-none-eabi-10.3-2021.10/bin/../lib/gcc/arm-none-eabi/10.3.1/../../../../arm-none-eabi/lib/thumb/v7e-m/nofp/libg_nano.a(lib_a-lock.o)
                0x0000000008002cf4                __retarget_lock_acquire_recursive
 .text.__retarget_lock_release_recursive
                0x0000000008002cf6        0x2 /home/ruff/programs/AT32_IDE_V1.0.04_Linux_x86_64/AT32IDE_V1.0.04_Linux_X86_64.tar/platform/tools/gcc-arm-none-eabi-10.3-2021.10/bin/../lib/gcc/arm-none-eabi/10.3.1/../../../../arm-none-eabi/lib/thumb/v7e-m/nofp/libg_nano.a(lib_a-lock.o)
                0x0000000008002cf6                __retarget_lock_release_recursive
 .text.__swhatbuf_r
                0x0000000008002cf8       0x4a /home/ruff/programs/AT32_IDE_V1.0.04_Linux_x86_64/AT32IDE_V1.0.04_Linux_X86_64.tar/platform/tools/gcc-arm-none-eabi-10.3-2021.10/bin/../lib/gcc/arm-none-eabi/10.3.1/../../../../arm-none-eabi/lib/thumb/v7e-m/nofp/libg_nano.a(lib_a-makebuf.o)
                0x0000000008002cf8                __swhatbuf_r
 *fill*         0x0000000008002d42        0x2 
 .text.__smakebuf_r
                0x0000000008002d44       0x80 /home/ruff/programs/AT32_IDE_V1.0.04_Linux_x86_64/AT32IDE_V1.0.04_Linux_X86_64.tar/platform/tools/gcc-arm-none-eabi-10.3-2021.10/bin/../lib/gcc/arm-none-eabi/10.3.1/../../../../arm-none-eabi/lib/thumb/v7e-m/nofp/libg_nano.a(lib_a-makebuf.o)
                0x0000000008002d44                __smakebuf_r
 .text._free_r  0x0000000008002dc4       0x94 /home/ruff/programs/AT32_IDE_V1.0.04_Linux_x86_64/AT32IDE_V1.0.04_Linux_X86_64.tar/platform/tools/gcc-arm-none-eabi-10.3-2021.10/bin/../lib/gcc/arm-none-eabi/10.3.1/../../../../arm-none-eabi/lib/thumb/v7e-m/nofp/libg_nano.a(lib_a-nano-freer.o)
                0x0000000008002dc4                _free_r
 .text.sbrk_aligned
                0x0000000008002e58       0x40 /home/ruff/programs/AT32_IDE_V1.0.04_Linux_x86_64/AT32IDE_V1.0.04_Linux_X86_64.tar/platform/tools/gcc-arm-none-eabi-10.3-2021.10/bin/../lib/gcc/arm-none-eabi/10.3.1/../../../../arm-none-eabi/lib/thumb/v7e-m/nofp/libg_nano.a(lib_a-nano-mallocr.o)
 .text._malloc_r
                0x0000000008002e98       0xe8 /home/ruff/programs/AT32_IDE_V1.0.04_Linux_x86_64/AT32IDE_V1.0.04_Linux_X86_64.tar/platform/tools/gcc-arm-none-eabi-10.3-2021.10/bin/../lib/gcc/arm-none-eabi/10.3.1/../../../../arm-none-eabi/lib/thumb/v7e-m/nofp/libg_nano.a(lib_a-nano-mallocr.o)
                0x0000000008002e98                _malloc_r
 .text.__sfputc_r
                0x0000000008002f80       0x2a /home/ruff/programs/AT32_IDE_V1.0.04_Linux_x86_64/AT32IDE_V1.0.04_Linux_X86_64.tar/platform/tools/gcc-arm-none-eabi-10.3-2021.10/bin/../lib/gcc/arm-none-eabi/10.3.1/../../../../arm-none-eabi/lib/thumb/v7e-m/nofp/libg_nano.a(lib_a-nano-vfprintf.o)
 .text.__sfputs_r
                0x0000000008002faa       0x24 /home/ruff/programs/AT32_IDE_V1.0.04_Linux_x86_64/AT32IDE_V1.0.04_Linux_X86_64.tar/platform/tools/gcc-arm-none-eabi-10.3-2021.10/bin/../lib/gcc/arm-none-eabi/10.3.1/../../../../arm-none-eabi/lib/thumb/v7e-m/nofp/libg_nano.a(lib_a-nano-vfprintf.o)
                0x0000000008002faa                __sfputs_r
 *fill*         0x0000000008002fce        0x2 
 .text._vfprintf_r
                0x0000000008002fd0      0x260 /home/ruff/programs/AT32_IDE_V1.0.04_Linux_x86_64/AT32IDE_V1.0.04_Linux_X86_64.tar/platform/tools/gcc-arm-none-eabi-10.3-2021.10/bin/../lib/gcc/arm-none-eabi/10.3.1/../../../../arm-none-eabi/lib/thumb/v7e-m/nofp/libg_nano.a(lib_a-nano-vfprintf.o)
                0x0000000008002fd0                _vfiprintf_r
                0x0000000008002fd0                _vfprintf_r
 .text._printf_common
                0x0000000008003230       0xda /home/ruff/programs/AT32_IDE_V1.0.04_Linux_x86_64/AT32IDE_V1.0.04_Linux_X86_64.tar/platform/tools/gcc-arm-none-eabi-10.3-2021.10/bin/../lib/gcc/arm-none-eabi/10.3.1/../../../../arm-none-eabi/lib/thumb/v7e-m/nofp/libg_nano.a(lib_a-nano-vfprintf_i.o)
                0x0000000008003230                _printf_common
 *fill*         0x000000000800330a        0x2 
 .text._printf_i
                0x000000000800330c      0x24c /home/ruff/programs/AT32_IDE_V1.0.04_Linux_x86_64/AT32IDE_V1.0.04_Linux_X86_64.tar/platform/tools/gcc-arm-none-eabi-10.3-2021.10/bin/../lib/gcc/arm-none-eabi/10.3.1/../../../../arm-none-eabi/lib/thumb/v7e-m/nofp/libg_nano.a(lib_a-nano-vfprintf_i.o)
                0x000000000800330c                _printf_i
 .text._sbrk_r  0x0000000008003558       0x20 /home/ruff/programs/AT32_IDE_V1.0.04_Linux_x86_64/AT32IDE_V1.0.04_Linux_X86_64.tar/platform/tools/gcc-arm-none-eabi-10.3-2021.10/bin/../lib/gcc/arm-none-eabi/10.3.1/../../../../arm-none-eabi/lib/thumb/v7e-m/nofp/libg_nano.a(lib_a-sbrkr.o)
                0x0000000008003558                _sbrk_r
 .text.__sread  0x0000000008003578       0x22 /home/ruff/programs/AT32_IDE_V1.0.04_Linux_x86_64/AT32IDE_V1.0.04_Linux_X86_64.tar/platform/tools/gcc-arm-none-eabi-10.3-2021.10/bin/../lib/gcc/arm-none-eabi/10.3.1/../../../../arm-none-eabi/lib/thumb/v7e-m/nofp/libg_nano.a(lib_a-stdio.o)
                0x0000000008003578                __sread
 .text.__swrite
                0x000000000800359a       0x38 /home/ruff/programs/AT32_IDE_V1.0.04_Linux_x86_64/AT32IDE_V1.0.04_Linux_X86_64.tar/platform/tools/gcc-arm-none-eabi-10.3-2021.10/bin/../lib/gcc/arm-none-eabi/10.3.1/../../../../arm-none-eabi/lib/thumb/v7e-m/nofp/libg_nano.a(lib_a-stdio.o)
                0x000000000800359a                __swrite
 .text.__sseek  0x00000000080035d2       0x24 /home/ruff/programs/AT32_IDE_V1.0.04_Linux_x86_64/AT32IDE_V1.0.04_Linux_X86_64.tar/platform/tools/gcc-arm-none-eabi-10.3-2021.10/bin/../lib/gcc/arm-none-eabi/10.3.1/../../../../arm-none-eabi/lib/thumb/v7e-m/nofp/libg_nano.a(lib_a-stdio.o)
                0x00000000080035d2                __sseek
 .text.__sclose
                0x00000000080035f6        0x8 /home/ruff/programs/AT32_IDE_V1.0.04_Linux_x86_64/AT32IDE_V1.0.04_Linux_X86_64.tar/platform/tools/gcc-arm-none-eabi-10.3-2021.10/bin/../lib/gcc/arm-none-eabi/10.3.1/../../../../arm-none-eabi/lib/thumb/v7e-m/nofp/libg_nano.a(lib_a-stdio.o)
                0x00000000080035f6                __sclose
 *fill*         0x00000000080035fe        0x2 
 .text._write_r
                0x0000000008003600       0x24 /home/ruff/programs/AT32_IDE_V1.0.04_Linux_x86_64/AT32IDE_V1.0.04_Linux_X86_64.tar/platform/tools/gcc-arm-none-eabi-10.3-2021.10/bin/../lib/gcc/arm-none-eabi/10.3.1/../../../../arm-none-eabi/lib/thumb/v7e-m/nofp/libg_nano.a(lib_a-writer.o)
                0x0000000008003600                _write_r
 .text._close_r
                0x0000000008003624       0x20 /home/ruff/programs/AT32_IDE_V1.0.04_Linux_x86_64/AT32IDE_V1.0.04_Linux_X86_64.tar/platform/tools/gcc-arm-none-eabi-10.3-2021.10/bin/../lib/gcc/arm-none-eabi/10.3.1/../../../../arm-none-eabi/lib/thumb/v7e-m/nofp/libg_nano.a(lib_a-closer.o)
                0x0000000008003624                _close_r
 .text._fstat_r
                0x0000000008003644       0x24 /home/ruff/programs/AT32_IDE_V1.0.04_Linux_x86_64/AT32IDE_V1.0.04_Linux_X86_64.tar/platform/tools/gcc-arm-none-eabi-10.3-2021.10/bin/../lib/gcc/arm-none-eabi/10.3.1/../../../../arm-none-eabi/lib/thumb/v7e-m/nofp/libg_nano.a(lib_a-fstatr.o)
                0x0000000008003644                _fstat_r
 .text._isatty_r
                0x0000000008003668       0x20 /home/ruff/programs/AT32_IDE_V1.0.04_Linux_x86_64/AT32IDE_V1.0.04_Linux_X86_64.tar/platform/tools/gcc-arm-none-eabi-10.3-2021.10/bin/../lib/gcc/arm-none-eabi/10.3.1/../../../../arm-none-eabi/lib/thumb/v7e-m/nofp/libg_nano.a(lib_a-isattyr.o)
                0x0000000008003668                _isatty_r
 .text._lseek_r
                0x0000000008003688       0x24 /home/ruff/programs/AT32_IDE_V1.0.04_Linux_x86_64/AT32IDE_V1.0.04_Linux_X86_64.tar/platform/tools/gcc-arm-none-eabi-10.3-2021.10/bin/../lib/gcc/arm-none-eabi/10.3.1/../../../../arm-none-eabi/lib/thumb/v7e-m/nofp/libg_nano.a(lib_a-lseekr.o)
                0x0000000008003688                _lseek_r
 .text.__malloc_lock
                0x00000000080036ac        0xc /home/ruff/programs/AT32_IDE_V1.0.04_Linux_x86_64/AT32IDE_V1.0.04_Linux_X86_64.tar/platform/tools/gcc-arm-none-eabi-10.3-2021.10/bin/../lib/gcc/arm-none-eabi/10.3.1/../../../../arm-none-eabi/lib/thumb/v7e-m/nofp/libg_nano.a(lib_a-mlock.o)
                0x00000000080036ac                __malloc_lock
 .text.__malloc_unlock
                0x00000000080036b8        0xc /home/ruff/programs/AT32_IDE_V1.0.04_Linux_x86_64/AT32IDE_V1.0.04_Linux_X86_64.tar/platform/tools/gcc-arm-none-eabi-10.3-2021.10/bin/../lib/gcc/arm-none-eabi/10.3.1/../../../../arm-none-eabi/lib/thumb/v7e-m/nofp/libg_nano.a(lib_a-mlock.o)
                0x00000000080036b8                __malloc_unlock
 .text._read_r  0x00000000080036c4       0x24 /home/ruff/programs/AT32_IDE_V1.0.04_Linux_x86_64/AT32IDE_V1.0.04_Linux_X86_64.tar/platform/tools/gcc-arm-none-eabi-10.3-2021.10/bin/../lib/gcc/arm-none-eabi/10.3.1/../../../../arm-none-eabi/lib/thumb/v7e-m/nofp/libg_nano.a(lib_a-readr.o)
                0x00000000080036c4                _read_r
 .text._close   0x00000000080036e8       0x10 /home/ruff/programs/AT32_IDE_V1.0.04_Linux_x86_64/AT32IDE_V1.0.04_Linux_X86_64.tar/platform/tools/gcc-arm-none-eabi-10.3-2021.10/bin/../lib/gcc/arm-none-eabi/10.3.1/../../../../arm-none-eabi/lib/thumb/v7e-m/nofp/libnosys.a(close.o)
                0x00000000080036e8                _close
 .text._fstat   0x00000000080036f8       0x10 /home/ruff/programs/AT32_IDE_V1.0.04_Linux_x86_64/AT32IDE_V1.0.04_Linux_X86_64.tar/platform/tools/gcc-arm-none-eabi-10.3-2021.10/bin/../lib/gcc/arm-none-eabi/10.3.1/../../../../arm-none-eabi/lib/thumb/v7e-m/nofp/libnosys.a(fstat.o)
                0x00000000080036f8                _fstat
 .text._isatty  0x0000000008003708       0x10 /home/ruff/programs/AT32_IDE_V1.0.04_Linux_x86_64/AT32IDE_V1.0.04_Linux_X86_64.tar/platform/tools/gcc-arm-none-eabi-10.3-2021.10/bin/../lib/gcc/arm-none-eabi/10.3.1/../../../../arm-none-eabi/lib/thumb/v7e-m/nofp/libnosys.a(isatty.o)
                0x0000000008003708                _isatty
 .text._lseek   0x0000000008003718       0x10 /home/ruff/programs/AT32_IDE_V1.0.04_Linux_x86_64/AT32IDE_V1.0.04_Linux_X86_64.tar/platform/tools/gcc-arm-none-eabi-10.3-2021.10/bin/../lib/gcc/arm-none-eabi/10.3.1/../../../../arm-none-eabi/lib/thumb/v7e-m/nofp/libnosys.a(lseek.o)
                0x0000000008003718                _lseek
 .text._read    0x0000000008003728       0x10 /home/ruff/programs/AT32_IDE_V1.0.04_Linux_x86_64/AT32IDE_V1.0.04_Linux_X86_64.tar/platform/tools/gcc-arm-none-eabi-10.3-2021.10/bin/../lib/gcc/arm-none-eabi/10.3.1/../../../../arm-none-eabi/lib/thumb/v7e-m/nofp/libnosys.a(read.o)
                0x0000000008003728                _read
 .text._sbrk    0x0000000008003738       0x1c /home/ruff/programs/AT32_IDE_V1.0.04_Linux_x86_64/AT32IDE_V1.0.04_Linux_X86_64.tar/platform/tools/gcc-arm-none-eabi-10.3-2021.10/bin/../lib/gcc/arm-none-eabi/10.3.1/../../../../arm-none-eabi/lib/thumb/v7e-m/nofp/libnosys.a(sbrk.o)
                0x0000000008003738                _sbrk
 *(.glue_7)
 .glue_7        0x0000000008003754        0x0 linker stubs
 *(.glue_7t)
 .glue_7t       0x0000000008003754        0x0 linker stubs
 *(.eh_frame)
 .eh_frame      0x0000000008003754        0x0 /home/ruff/programs/AT32_IDE_V1.0.04_Linux_x86_64/AT32IDE_V1.0.04_Linux_X86_64.tar/platform/tools/gcc-arm-none-eabi-10.3-2021.10/bin/../lib/gcc/arm-none-eabi/10.3.1/thumb/v7e-m/nofp/crtbegin.o
 *(.init)
 .init          0x0000000008003754        0x4 /home/ruff/programs/AT32_IDE_V1.0.04_Linux_x86_64/AT32IDE_V1.0.04_Linux_X86_64.tar/platform/tools/gcc-arm-none-eabi-10.3-2021.10/bin/../lib/gcc/arm-none-eabi/10.3.1/thumb/v7e-m/nofp/crti.o
                0x0000000008003754                _init
 .init          0x0000000008003758        0x8 /home/ruff/programs/AT32_IDE_V1.0.04_Linux_x86_64/AT32IDE_V1.0.04_Linux_X86_64.tar/platform/tools/gcc-arm-none-eabi-10.3-2021.10/bin/../lib/gcc/arm-none-eabi/10.3.1/thumb/v7e-m/nofp/crtn.o
 *(.fini)
 .fini          0x0000000008003760        0x4 /home/ruff/programs/AT32_IDE_V1.0.04_Linux_x86_64/AT32IDE_V1.0.04_Linux_X86_64.tar/platform/tools/gcc-arm-none-eabi-10.3-2021.10/bin/../lib/gcc/arm-none-eabi/10.3.1/thumb/v7e-m/nofp/crti.o
                0x0000000008003760                _fini
 .fini          0x0000000008003764        0x8 /home/ruff/programs/AT32_IDE_V1.0.04_Linux_x86_64/AT32IDE_V1.0.04_Linux_X86_64.tar/platform/tools/gcc-arm-none-eabi-10.3-2021.10/bin/../lib/gcc/arm-none-eabi/10.3.1/thumb/v7e-m/nofp/crtn.o
                0x000000000800376c                . = ALIGN (0x4)
                0x000000000800376c                _etext = .

.vfp11_veneer   0x000000000800376c        0x0
 .vfp11_veneer  0x000000000800376c        0x0 linker stubs

.v4_bx          0x000000000800376c        0x0
 .v4_bx         0x000000000800376c        0x0 linker stubs

.iplt           0x000000000800376c        0x0
 .iplt          0x000000000800376c        0x0 /home/ruff/programs/AT32_IDE_V1.0.04_Linux_x86_64/AT32IDE_V1.0.04_Linux_X86_64.tar/platform/tools/gcc-arm-none-eabi-10.3-2021.10/bin/../lib/gcc/arm-none-eabi/10.3.1/thumb/v7e-m/nofp/crtbegin.o

.rodata         0x000000000800376c      0x350
                0x000000000800376c                . = ALIGN (0x4)
 *(.rodata)
 .rodata        0x000000000800376c       0xb5 ./user/main.o
 *fill*         0x0000000008003821        0x3 
 .rodata        0x0000000008003824       0x28 ./firmware/at32f415_crm.o
 .rodata        0x000000000800384c       0x10 ./cmsis/system_at32f415.o
 .rodata        0x000000000800385c       0x21 ./bsp/iap/iap.o
 *fill*         0x000000000800387d        0x3 
 .rodata        0x0000000008003880      0x17c ./bsp/iap/ymodem.o
 .rodata        0x00000000080039fc       0x26 ./bsp/at32f415_board.o
 *(.rodata*)
 *fill*         0x0000000008003a22        0x2 
 .rodata._global_impure_ptr
                0x0000000008003a24        0x4 /home/ruff/programs/AT32_IDE_V1.0.04_Linux_x86_64/AT32IDE_V1.0.04_Linux_X86_64.tar/platform/tools/gcc-arm-none-eabi-10.3-2021.10/bin/../lib/gcc/arm-none-eabi/10.3.1/../../../../arm-none-eabi/lib/thumb/v7e-m/nofp/libg_nano.a(lib_a-impure.o)
                0x0000000008003a24                _global_impure_ptr
 .rodata.__sf_fake_stderr
                0x0000000008003a28       0x20 /home/ruff/programs/AT32_IDE_V1.0.04_Linux_x86_64/AT32IDE_V1.0.04_Linux_X86_64.tar/platform/tools/gcc-arm-none-eabi-10.3-2021.10/bin/../lib/gcc/arm-none-eabi/10.3.1/../../../../arm-none-eabi/lib/thumb/v7e-m/nofp/libg_nano.a(lib_a-findfp.o)
                0x0000000008003a28                __sf_fake_stderr
 .rodata.__sf_fake_stdin
                0x0000000008003a48       0x20 /home/ruff/programs/AT32_IDE_V1.0.04_Linux_x86_64/AT32IDE_V1.0.04_Linux_X86_64.tar/platform/tools/gcc-arm-none-eabi-10.3-2021.10/bin/../lib/gcc/arm-none-eabi/10.3.1/../../../../arm-none-eabi/lib/thumb/v7e-m/nofp/libg_nano.a(lib_a-findfp.o)
                0x0000000008003a48                __sf_fake_stdin
 .rodata.__sf_fake_stdout
                0x0000000008003a68       0x20 /home/ruff/programs/AT32_IDE_V1.0.04_Linux_x86_64/AT32IDE_V1.0.04_Linux_X86_64.tar/platform/tools/gcc-arm-none-eabi-10.3-2021.10/bin/../lib/gcc/arm-none-eabi/10.3.1/../../../../arm-none-eabi/lib/thumb/v7e-m/nofp/libg_nano.a(lib_a-findfp.o)
                0x0000000008003a68                __sf_fake_stdout
 .rodata._vfprintf_r.str1.1
                0x0000000008003a88       0x11 /home/ruff/programs/AT32_IDE_V1.0.04_Linux_x86_64/AT32IDE_V1.0.04_Linux_X86_64.tar/platform/tools/gcc-arm-none-eabi-10.3-2021.10/bin/../lib/gcc/arm-none-eabi/10.3.1/../../../../arm-none-eabi/lib/thumb/v7e-m/nofp/libg_nano.a(lib_a-nano-vfprintf.o)
 .rodata._printf_i.str1.1
                0x0000000008003a99       0x22 /home/ruff/programs/AT32_IDE_V1.0.04_Linux_x86_64/AT32IDE_V1.0.04_Linux_X86_64.tar/platform/tools/gcc-arm-none-eabi-10.3-2021.10/bin/../lib/gcc/arm-none-eabi/10.3.1/../../../../arm-none-eabi/lib/thumb/v7e-m/nofp/libg_nano.a(lib_a-nano-vfprintf_i.o)
                0x0000000008003abc                . = ALIGN (0x4)
 *fill*         0x0000000008003abb        0x1 

.ARM.extab
 *(.ARM.extab* .gnu.linkonce.armextab.*)

.ARM            0x0000000008003abc        0x8
                0x0000000008003abc                __exidx_start = .
 *(.ARM.exidx*)
 .ARM.exidx     0x0000000008003abc        0x8 /home/ruff/programs/AT32_IDE_V1.0.04_Linux_x86_64/AT32IDE_V1.0.04_Linux_X86_64.tar/platform/tools/gcc-arm-none-eabi-10.3-2021.10/bin/../lib/gcc/arm-none-eabi/10.3.1/thumb/v7e-m/nofp/libgcc.a(_udivmoddi4.o)
                0x0000000008003ac4                __exidx_end = .

.rel.dyn        0x0000000008003ac4        0x0
 .rel.iplt      0x0000000008003ac4        0x0 /home/ruff/programs/AT32_IDE_V1.0.04_Linux_x86_64/AT32IDE_V1.0.04_Linux_X86_64.tar/platform/tools/gcc-arm-none-eabi-10.3-2021.10/bin/../lib/gcc/arm-none-eabi/10.3.1/thumb/v7e-m/nofp/crtbegin.o

.preinit_array  0x0000000008003ac4        0x0
                0x0000000008003ac4                PROVIDE (__preinit_array_start = .)
 *(.preinit_array*)
                0x0000000008003ac4                PROVIDE (__preinit_array_end = .)

.init_array     0x0000000008003ac4        0x4
                0x0000000008003ac4                PROVIDE (__init_array_start = .)
 *(SORT_BY_NAME(.init_array.*))
 *(.init_array*)
 .init_array    0x0000000008003ac4        0x4 /home/ruff/programs/AT32_IDE_V1.0.04_Linux_x86_64/AT32IDE_V1.0.04_Linux_X86_64.tar/platform/tools/gcc-arm-none-eabi-10.3-2021.10/bin/../lib/gcc/arm-none-eabi/10.3.1/thumb/v7e-m/nofp/crtbegin.o
                0x0000000008003ac8                PROVIDE (__init_array_end = .)

.fini_array     0x0000000008003ac8        0x4
                [!provide]                        PROVIDE (__fini_array_start = .)
 *(SORT_BY_NAME(.fini_array.*))
 *(.fini_array*)
 .fini_array    0x0000000008003ac8        0x4 /home/ruff/programs/AT32_IDE_V1.0.04_Linux_x86_64/AT32IDE_V1.0.04_Linux_X86_64.tar/platform/tools/gcc-arm-none-eabi-10.3-2021.10/bin/../lib/gcc/arm-none-eabi/10.3.1/thumb/v7e-m/nofp/crtbegin.o
                [!provide]                        PROVIDE (__fini_array_end = .)
                0x0000000008003acc                _sidata = LOADADDR (.data)

.data           0x0000000020000000       0xb4 load address 0x0000000008003acc
                0x0000000020000000                . = ALIGN (0x4)
                0x0000000020000000                _sdata = .
 *(.data)
 .data          0x0000000020000000        0x1 ./user/main.o
                0x0000000020000000                g_speed
 *fill*         0x0000000020000001        0x3 
 .data          0x0000000020000004        0x4 ./cmsis/system_at32f415.o
                0x0000000020000004                system_core_clock
 .data          0x0000000020000008       0x48 ./bsp/at32f415_board.o
                0x0000000020000008                led_gpio_port
                0x0000000020000014                led_gpio_pin
                0x000000002000001c                led_gpio_crm_clk
                0x0000000020000028                version
                0x0000000020000030                model
                0x0000000020000044                date
 *(.data*)
 .data._impure_ptr
                0x0000000020000050        0x4 /home/ruff/programs/AT32_IDE_V1.0.04_Linux_x86_64/AT32IDE_V1.0.04_Linux_X86_64.tar/platform/tools/gcc-arm-none-eabi-10.3-2021.10/bin/../lib/gcc/arm-none-eabi/10.3.1/../../../../arm-none-eabi/lib/thumb/v7e-m/nofp/libg_nano.a(lib_a-impure.o)
                0x0000000020000050                _impure_ptr
 .data.impure_data
                0x0000000020000054       0x60 /home/ruff/programs/AT32_IDE_V1.0.04_Linux_x86_64/AT32IDE_V1.0.04_Linux_X86_64.tar/platform/tools/gcc-arm-none-eabi-10.3-2021.10/bin/../lib/gcc/arm-none-eabi/10.3.1/../../../../arm-none-eabi/lib/thumb/v7e-m/nofp/libg_nano.a(lib_a-impure.o)
                0x00000000200000b4                . = ALIGN (0x4)
                0x00000000200000b4                _edata = .

.igot.plt       0x00000000200000b4        0x0 load address 0x0000000008003b80
 .igot.plt      0x00000000200000b4        0x0 /home/ruff/programs/AT32_IDE_V1.0.04_Linux_x86_64/AT32IDE_V1.0.04_Linux_X86_64.tar/platform/tools/gcc-arm-none-eabi-10.3-2021.10/bin/../lib/gcc/arm-none-eabi/10.3.1/thumb/v7e-m/nofp/crtbegin.o
                0x00000000200000b4                . = ALIGN (0x4)

.bss            0x00000000200000b4     0x14bc load address 0x0000000008003b80
                0x00000000200000b4                _sbss = .
                0x00000000200000b4                __bss_start__ = _sbss
 *(.bss)
 .bss           0x00000000200000b4       0x1c /home/ruff/programs/AT32_IDE_V1.0.04_Linux_x86_64/AT32IDE_V1.0.04_Linux_X86_64.tar/platform/tools/gcc-arm-none-eabi-10.3-2021.10/bin/../lib/gcc/arm-none-eabi/10.3.1/thumb/v7e-m/nofp/crtbegin.o
 .bss           0x00000000200000d0        0x4 ./bsp/iap/iap.o
                0x00000000200000d0                jump_to_app
 .bss           0x00000000200000d4      0xc5f ./bsp/iap/ymodem.o
                0x00000000200000d4                aPacketSize
                0x00000000200000d8                aPacketData
                0x0000000020000d30                packet_size
                0x0000000020000d32                packet_type
 *fill*         0x0000000020000d33        0x1 
 .bss           0x0000000020000d34        0x8 ./bsp/at32f415_board.o
 .bss           0x0000000020000d3c      0x81e ./bsp/d1_uart.o
                0x0000000020000d3c                usart_group_struct
 *(.bss*)
 .bss.__lock___malloc_recursive_mutex
                0x000000002000155a        0x1 /home/ruff/programs/AT32_IDE_V1.0.04_Linux_x86_64/AT32IDE_V1.0.04_Linux_X86_64.tar/platform/tools/gcc-arm-none-eabi-10.3-2021.10/bin/../lib/gcc/arm-none-eabi/10.3.1/../../../../arm-none-eabi/lib/thumb/v7e-m/nofp/libg_nano.a(lib_a-lock.o)
                0x000000002000155a                __lock___malloc_recursive_mutex
 .bss.__lock___sfp_recursive_mutex
                0x000000002000155b        0x1 /home/ruff/programs/AT32_IDE_V1.0.04_Linux_x86_64/AT32IDE_V1.0.04_Linux_X86_64.tar/platform/tools/gcc-arm-none-eabi-10.3-2021.10/bin/../lib/gcc/arm-none-eabi/10.3.1/../../../../arm-none-eabi/lib/thumb/v7e-m/nofp/libg_nano.a(lib_a-lock.o)
                0x000000002000155b                __lock___sfp_recursive_mutex
 .bss.__lock___sinit_recursive_mutex
                0x000000002000155c        0x1 /home/ruff/programs/AT32_IDE_V1.0.04_Linux_x86_64/AT32IDE_V1.0.04_Linux_X86_64.tar/platform/tools/gcc-arm-none-eabi-10.3-2021.10/bin/../lib/gcc/arm-none-eabi/10.3.1/../../../../arm-none-eabi/lib/thumb/v7e-m/nofp/libg_nano.a(lib_a-lock.o)
                0x000000002000155c                __lock___sinit_recursive_mutex
 *fill*         0x000000002000155d        0x3 
 .bss.__malloc_free_list
                0x0000000020001560        0x4 /home/ruff/programs/AT32_IDE_V1.0.04_Linux_x86_64/AT32IDE_V1.0.04_Linux_X86_64.tar/platform/tools/gcc-arm-none-eabi-10.3-2021.10/bin/../lib/gcc/arm-none-eabi/10.3.1/../../../../arm-none-eabi/lib/thumb/v7e-m/nofp/libg_nano.a(lib_a-nano-mallocr.o)
                0x0000000020001560                __malloc_free_list
 .bss.__malloc_sbrk_start
                0x0000000020001564        0x4 /home/ruff/programs/AT32_IDE_V1.0.04_Linux_x86_64/AT32IDE_V1.0.04_Linux_X86_64.tar/platform/tools/gcc-arm-none-eabi-10.3-2021.10/bin/../lib/gcc/arm-none-eabi/10.3.1/../../../../arm-none-eabi/lib/thumb/v7e-m/nofp/libg_nano.a(lib_a-nano-mallocr.o)
                0x0000000020001564                __malloc_sbrk_start
 .bss.errno     0x0000000020001568        0x4 /home/ruff/programs/AT32_IDE_V1.0.04_Linux_x86_64/AT32IDE_V1.0.04_Linux_X86_64.tar/platform/tools/gcc-arm-none-eabi-10.3-2021.10/bin/../lib/gcc/arm-none-eabi/10.3.1/../../../../arm-none-eabi/lib/thumb/v7e-m/nofp/libg_nano.a(lib_a-reent.o)
                0x0000000020001568                errno
 .bss.heap_end.0
                0x000000002000156c        0x4 /home/ruff/programs/AT32_IDE_V1.0.04_Linux_x86_64/AT32IDE_V1.0.04_Linux_X86_64.tar/platform/tools/gcc-arm-none-eabi-10.3-2021.10/bin/../lib/gcc/arm-none-eabi/10.3.1/../../../../arm-none-eabi/lib/thumb/v7e-m/nofp/libnosys.a(sbrk.o)
 *(COMMON)
                0x0000000020001570                . = ALIGN (0x4)
                0x0000000020001570                _ebss = .
                0x0000000020001570                __bss_end__ = _ebss

._user_heap_stack
                0x0000000020001570      0x600 load address 0x0000000008003b80
                0x0000000020001570                . = ALIGN (0x8)
                0x0000000020001570                PROVIDE (end = .)
                [!provide]                        PROVIDE (_end = .)
                0x0000000020001770                . = (. + _Min_Heap_Size)
 *fill*         0x0000000020001570      0x200 
                0x0000000020001b70                . = (. + _Min_Stack_Size)
 *fill*         0x0000000020001770      0x400 
                0x0000000020001b70                . = ALIGN (0x8)

/DISCARD/
 libc.a(*)
 libm.a(*)
 libgcc.a(*)

.ARM.attributes
                0x0000000000000000       0x2a
 *(.ARM.attributes)
 .ARM.attributes
                0x0000000000000000       0x1e /home/ruff/programs/AT32_IDE_V1.0.04_Linux_x86_64/AT32IDE_V1.0.04_Linux_X86_64.tar/platform/tools/gcc-arm-none-eabi-10.3-2021.10/bin/../lib/gcc/arm-none-eabi/10.3.1/thumb/v7e-m/nofp/crti.o
 .ARM.attributes
                0x000000000000001e       0x2e /home/ruff/programs/AT32_IDE_V1.0.04_Linux_x86_64/AT32IDE_V1.0.04_Linux_X86_64.tar/platform/tools/gcc-arm-none-eabi-10.3-2021.10/bin/../lib/gcc/arm-none-eabi/10.3.1/thumb/v7e-m/nofp/crtbegin.o
 .ARM.attributes
                0x000000000000004c       0x2e ./user/at32f415_clock.o
 .ARM.attributes
                0x000000000000007a       0x2e ./user/at32f415_int.o
 .ARM.attributes
                0x00000000000000a8       0x2e ./user/main.o
 .ARM.attributes
                0x00000000000000d6       0x2e ./firmware/at32f415_crm.o
 .ARM.attributes
                0x0000000000000104       0x2e ./firmware/at32f415_exint.o
 .ARM.attributes
                0x0000000000000132       0x2e ./firmware/at32f415_flash.o
 .ARM.attributes
                0x0000000000000160       0x2e ./firmware/at32f415_gpio.o
 .ARM.attributes
                0x000000000000018e       0x2e ./firmware/at32f415_misc.o
 .ARM.attributes
                0x00000000000001bc       0x2e ./firmware/at32f415_tmr.o
 .ARM.attributes
                0x00000000000001ea       0x2e ./firmware/at32f415_usart.o
 .ARM.attributes
                0x0000000000000218       0x21 ./cmsis/startup_at32f415.o
 .ARM.attributes
                0x0000000000000239       0x2e ./cmsis/system_at32f415.o
 .ARM.attributes
                0x0000000000000267       0x2e ./bsp/iap/crc16.o
 .ARM.attributes
                0x0000000000000295       0x2e ./bsp/iap/iap.o
 .ARM.attributes
                0x00000000000002c3       0x2e ./bsp/iap/iap_gpio.o
 .ARM.attributes
                0x00000000000002f1       0x2e ./bsp/iap/ymodem.o
 .ARM.attributes
                0x000000000000031f       0x2e ./bsp/at32f415_board.o
 .ARM.attributes
                0x000000000000034d       0x2e ./bsp/d1_uart.o
 .ARM.attributes
                0x000000000000037b       0x2e ./bsp/flash.o
 .ARM.attributes
                0x00000000000003a9       0x2e ./bsp/mcu_gpio.o
 .ARM.attributes
                0x00000000000003d7       0x2e ./bsp/tmr3.o
 .ARM.attributes
                0x0000000000000405       0x1e /home/ruff/programs/AT32_IDE_V1.0.04_Linux_x86_64/AT32IDE_V1.0.04_Linux_X86_64.tar/platform/tools/gcc-arm-none-eabi-10.3-2021.10/bin/../lib/gcc/arm-none-eabi/10.3.1/thumb/v7e-m/nofp/libgcc.a(_aeabi_uldivmod.o)
 .ARM.attributes
                0x0000000000000423       0x2e /home/ruff/programs/AT32_IDE_V1.0.04_Linux_x86_64/AT32IDE_V1.0.04_Linux_X86_64.tar/platform/tools/gcc-arm-none-eabi-10.3-2021.10/bin/../lib/gcc/arm-none-eabi/10.3.1/thumb/v7e-m/nofp/libgcc.a(_udivmoddi4.o)
 .ARM.attributes
                0x0000000000000451       0x1e /home/ruff/programs/AT32_IDE_V1.0.04_Linux_x86_64/AT32IDE_V1.0.04_Linux_X86_64.tar/platform/tools/gcc-arm-none-eabi-10.3-2021.10/bin/../lib/gcc/arm-none-eabi/10.3.1/thumb/v7e-m/nofp/libgcc.a(_dvmd_tls.o)
 .ARM.attributes
                0x000000000000046f       0x2e /home/ruff/programs/AT32_IDE_V1.0.04_Linux_x86_64/AT32IDE_V1.0.04_Linux_X86_64.tar/platform/tools/gcc-arm-none-eabi-10.3-2021.10/bin/../lib/gcc/arm-none-eabi/10.3.1/../../../../arm-none-eabi/lib/thumb/v7e-m/nofp/libg_nano.a(lib_a-impure.o)
 .ARM.attributes
                0x000000000000049d       0x2e /home/ruff/programs/AT32_IDE_V1.0.04_Linux_x86_64/AT32IDE_V1.0.04_Linux_X86_64.tar/platform/tools/gcc-arm-none-eabi-10.3-2021.10/bin/../lib/gcc/arm-none-eabi/10.3.1/../../../../arm-none-eabi/lib/thumb/v7e-m/nofp/libg_nano.a(lib_a-init.o)
 .ARM.attributes
                0x00000000000004cb       0x2e /home/ruff/programs/AT32_IDE_V1.0.04_Linux_x86_64/AT32IDE_V1.0.04_Linux_X86_64.tar/platform/tools/gcc-arm-none-eabi-10.3-2021.10/bin/../lib/gcc/arm-none-eabi/10.3.1/../../../../arm-none-eabi/lib/thumb/v7e-m/nofp/libg_nano.a(lib_a-memset.o)
 .ARM.attributes
                0x00000000000004f9       0x2e /home/ruff/programs/AT32_IDE_V1.0.04_Linux_x86_64/AT32IDE_V1.0.04_Linux_X86_64.tar/platform/tools/gcc-arm-none-eabi-10.3-2021.10/bin/../lib/gcc/arm-none-eabi/10.3.1/../../../../arm-none-eabi/lib/thumb/v7e-m/nofp/libg_nano.a(lib_a-printf.o)
 .ARM.attributes
                0x0000000000000527       0x2e /home/ruff/programs/AT32_IDE_V1.0.04_Linux_x86_64/AT32IDE_V1.0.04_Linux_X86_64.tar/platform/tools/gcc-arm-none-eabi-10.3-2021.10/bin/../lib/gcc/arm-none-eabi/10.3.1/../../../../arm-none-eabi/lib/thumb/v7e-m/nofp/libg_nano.a(lib_a-puts.o)
 .ARM.attributes
                0x0000000000000555       0x2e /home/ruff/programs/AT32_IDE_V1.0.04_Linux_x86_64/AT32IDE_V1.0.04_Linux_X86_64.tar/platform/tools/gcc-arm-none-eabi-10.3-2021.10/bin/../lib/gcc/arm-none-eabi/10.3.1/../../../../arm-none-eabi/lib/thumb/v7e-m/nofp/libg_nano.a(lib_a-wbuf.o)
 .ARM.attributes
                0x0000000000000583       0x2e /home/ruff/programs/AT32_IDE_V1.0.04_Linux_x86_64/AT32IDE_V1.0.04_Linux_X86_64.tar/platform/tools/gcc-arm-none-eabi-10.3-2021.10/bin/../lib/gcc/arm-none-eabi/10.3.1/../../../../arm-none-eabi/lib/thumb/v7e-m/nofp/libg_nano.a(lib_a-wsetup.o)
 .ARM.attributes
                0x00000000000005b1       0x2e /home/ruff/programs/AT32_IDE_V1.0.04_Linux_x86_64/AT32IDE_V1.0.04_Linux_X86_64.tar/platform/tools/gcc-arm-none-eabi-10.3-2021.10/bin/../lib/gcc/arm-none-eabi/10.3.1/../../../../arm-none-eabi/lib/thumb/v7e-m/nofp/libg_nano.a(lib_a-fflush.o)
 .ARM.attributes
                0x00000000000005df       0x2e /home/ruff/programs/AT32_IDE_V1.0.04_Linux_x86_64/AT32IDE_V1.0.04_Linux_X86_64.tar/platform/tools/gcc-arm-none-eabi-10.3-2021.10/bin/../lib/gcc/arm-none-eabi/10.3.1/../../../../arm-none-eabi/lib/thumb/v7e-m/nofp/libg_nano.a(lib_a-findfp.o)
 .ARM.attributes
                0x000000000000060d       0x2e /home/ruff/programs/AT32_IDE_V1.0.04_Linux_x86_64/AT32IDE_V1.0.04_Linux_X86_64.tar/platform/tools/gcc-arm-none-eabi-10.3-2021.10/bin/../lib/gcc/arm-none-eabi/10.3.1/../../../../arm-none-eabi/lib/thumb/v7e-m/nofp/libg_nano.a(lib_a-fwalk.o)
 .ARM.attributes
                0x000000000000063b       0x2e /home/ruff/programs/AT32_IDE_V1.0.04_Linux_x86_64/AT32IDE_V1.0.04_Linux_X86_64.tar/platform/tools/gcc-arm-none-eabi-10.3-2021.10/bin/../lib/gcc/arm-none-eabi/10.3.1/../../../../arm-none-eabi/lib/thumb/v7e-m/nofp/libg_nano.a(lib_a-lock.o)
 .ARM.attributes
                0x0000000000000669       0x2e /home/ruff/programs/AT32_IDE_V1.0.04_Linux_x86_64/AT32IDE_V1.0.04_Linux_X86_64.tar/platform/tools/gcc-arm-none-eabi-10.3-2021.10/bin/../lib/gcc/arm-none-eabi/10.3.1/../../../../arm-none-eabi/lib/thumb/v7e-m/nofp/libg_nano.a(lib_a-makebuf.o)
 .ARM.attributes
                0x0000000000000697       0x2e /home/ruff/programs/AT32_IDE_V1.0.04_Linux_x86_64/AT32IDE_V1.0.04_Linux_X86_64.tar/platform/tools/gcc-arm-none-eabi-10.3-2021.10/bin/../lib/gcc/arm-none-eabi/10.3.1/../../../../arm-none-eabi/lib/thumb/v7e-m/nofp/libg_nano.a(lib_a-nano-freer.o)
 .ARM.attributes
                0x00000000000006c5       0x2e /home/ruff/programs/AT32_IDE_V1.0.04_Linux_x86_64/AT32IDE_V1.0.04_Linux_X86_64.tar/platform/tools/gcc-arm-none-eabi-10.3-2021.10/bin/../lib/gcc/arm-none-eabi/10.3.1/../../../../arm-none-eabi/lib/thumb/v7e-m/nofp/libg_nano.a(lib_a-nano-mallocr.o)
 .ARM.attributes
                0x00000000000006f3       0x2e /home/ruff/programs/AT32_IDE_V1.0.04_Linux_x86_64/AT32IDE_V1.0.04_Linux_X86_64.tar/platform/tools/gcc-arm-none-eabi-10.3-2021.10/bin/../lib/gcc/arm-none-eabi/10.3.1/../../../../arm-none-eabi/lib/thumb/v7e-m/nofp/libg_nano.a(lib_a-nano-vfprintf.o)
 .ARM.attributes
                0x0000000000000721       0x2e /home/ruff/programs/AT32_IDE_V1.0.04_Linux_x86_64/AT32IDE_V1.0.04_Linux_X86_64.tar/platform/tools/gcc-arm-none-eabi-10.3-2021.10/bin/../lib/gcc/arm-none-eabi/10.3.1/../../../../arm-none-eabi/lib/thumb/v7e-m/nofp/libg_nano.a(lib_a-nano-vfprintf_i.o)
 .ARM.attributes
                0x000000000000074f       0x2e /home/ruff/programs/AT32_IDE_V1.0.04_Linux_x86_64/AT32IDE_V1.0.04_Linux_X86_64.tar/platform/tools/gcc-arm-none-eabi-10.3-2021.10/bin/../lib/gcc/arm-none-eabi/10.3.1/../../../../arm-none-eabi/lib/thumb/v7e-m/nofp/libg_nano.a(lib_a-sbrkr.o)
 .ARM.attributes
                0x000000000000077d       0x2e /home/ruff/programs/AT32_IDE_V1.0.04_Linux_x86_64/AT32IDE_V1.0.04_Linux_X86_64.tar/platform/tools/gcc-arm-none-eabi-10.3-2021.10/bin/../lib/gcc/arm-none-eabi/10.3.1/../../../../arm-none-eabi/lib/thumb/v7e-m/nofp/libg_nano.a(lib_a-stdio.o)
 .ARM.attributes
                0x00000000000007ab       0x2e /home/ruff/programs/AT32_IDE_V1.0.04_Linux_x86_64/AT32IDE_V1.0.04_Linux_X86_64.tar/platform/tools/gcc-arm-none-eabi-10.3-2021.10/bin/../lib/gcc/arm-none-eabi/10.3.1/../../../../arm-none-eabi/lib/thumb/v7e-m/nofp/libg_nano.a(lib_a-writer.o)
 .ARM.attributes
                0x00000000000007d9       0x2e /home/ruff/programs/AT32_IDE_V1.0.04_Linux_x86_64/AT32IDE_V1.0.04_Linux_X86_64.tar/platform/tools/gcc-arm-none-eabi-10.3-2021.10/bin/../lib/gcc/arm-none-eabi/10.3.1/../../../../arm-none-eabi/lib/thumb/v7e-m/nofp/libg_nano.a(lib_a-closer.o)
 .ARM.attributes
                0x0000000000000807       0x2e /home/ruff/programs/AT32_IDE_V1.0.04_Linux_x86_64/AT32IDE_V1.0.04_Linux_X86_64.tar/platform/tools/gcc-arm-none-eabi-10.3-2021.10/bin/../lib/gcc/arm-none-eabi/10.3.1/../../../../arm-none-eabi/lib/thumb/v7e-m/nofp/libg_nano.a(lib_a-fstatr.o)
 .ARM.attributes
                0x0000000000000835       0x2e /home/ruff/programs/AT32_IDE_V1.0.04_Linux_x86_64/AT32IDE_V1.0.04_Linux_X86_64.tar/platform/tools/gcc-arm-none-eabi-10.3-2021.10/bin/../lib/gcc/arm-none-eabi/10.3.1/../../../../arm-none-eabi/lib/thumb/v7e-m/nofp/libg_nano.a(lib_a-isattyr.o)
 .ARM.attributes
                0x0000000000000863       0x2e /home/ruff/programs/AT32_IDE_V1.0.04_Linux_x86_64/AT32IDE_V1.0.04_Linux_X86_64.tar/platform/tools/gcc-arm-none-eabi-10.3-2021.10/bin/../lib/gcc/arm-none-eabi/10.3.1/../../../../arm-none-eabi/lib/thumb/v7e-m/nofp/libg_nano.a(lib_a-lseekr.o)
 .ARM.attributes
                0x0000000000000891       0x1c /home/ruff/programs/AT32_IDE_V1.0.04_Linux_x86_64/AT32IDE_V1.0.04_Linux_X86_64.tar/platform/tools/gcc-arm-none-eabi-10.3-2021.10/bin/../lib/gcc/arm-none-eabi/10.3.1/../../../../arm-none-eabi/lib/thumb/v7e-m/nofp/libg_nano.a(lib_a-memchr.o)
 .ARM.attributes
                0x00000000000008ad       0x2e /home/ruff/programs/AT32_IDE_V1.0.04_Linux_x86_64/AT32IDE_V1.0.04_Linux_X86_64.tar/platform/tools/gcc-arm-none-eabi-10.3-2021.10/bin/../lib/gcc/arm-none-eabi/10.3.1/../../../../arm-none-eabi/lib/thumb/v7e-m/nofp/libg_nano.a(lib_a-mlock.o)
 .ARM.attributes
                0x00000000000008db       0x2e /home/ruff/programs/AT32_IDE_V1.0.04_Linux_x86_64/AT32IDE_V1.0.04_Linux_X86_64.tar/platform/tools/gcc-arm-none-eabi-10.3-2021.10/bin/../lib/gcc/arm-none-eabi/10.3.1/../../../../arm-none-eabi/lib/thumb/v7e-m/nofp/libg_nano.a(lib_a-readr.o)
 .ARM.attributes
                0x0000000000000909       0x2e /home/ruff/programs/AT32_IDE_V1.0.04_Linux_x86_64/AT32IDE_V1.0.04_Linux_X86_64.tar/platform/tools/gcc-arm-none-eabi-10.3-2021.10/bin/../lib/gcc/arm-none-eabi/10.3.1/../../../../arm-none-eabi/lib/thumb/v7e-m/nofp/libg_nano.a(lib_a-reent.o)
 .ARM.attributes
                0x0000000000000937       0x2e /home/ruff/programs/AT32_IDE_V1.0.04_Linux_x86_64/AT32IDE_V1.0.04_Linux_X86_64.tar/platform/tools/gcc-arm-none-eabi-10.3-2021.10/bin/../lib/gcc/arm-none-eabi/10.3.1/../../../../arm-none-eabi/lib/thumb/v7e-m/nofp/libnosys.a(close.o)
 .ARM.attributes
                0x0000000000000965       0x2e /home/ruff/programs/AT32_IDE_V1.0.04_Linux_x86_64/AT32IDE_V1.0.04_Linux_X86_64.tar/platform/tools/gcc-arm-none-eabi-10.3-2021.10/bin/../lib/gcc/arm-none-eabi/10.3.1/../../../../arm-none-eabi/lib/thumb/v7e-m/nofp/libnosys.a(fstat.o)
 .ARM.attributes
                0x0000000000000993       0x2e /home/ruff/programs/AT32_IDE_V1.0.04_Linux_x86_64/AT32IDE_V1.0.04_Linux_X86_64.tar/platform/tools/gcc-arm-none-eabi-10.3-2021.10/bin/../lib/gcc/arm-none-eabi/10.3.1/../../../../arm-none-eabi/lib/thumb/v7e-m/nofp/libnosys.a(isatty.o)
 .ARM.attributes
                0x00000000000009c1       0x2e /home/ruff/programs/AT32_IDE_V1.0.04_Linux_x86_64/AT32IDE_V1.0.04_Linux_X86_64.tar/platform/tools/gcc-arm-none-eabi-10.3-2021.10/bin/../lib/gcc/arm-none-eabi/10.3.1/../../../../arm-none-eabi/lib/thumb/v7e-m/nofp/libnosys.a(lseek.o)
 .ARM.attributes
                0x00000000000009ef       0x2e /home/ruff/programs/AT32_IDE_V1.0.04_Linux_x86_64/AT32IDE_V1.0.04_Linux_X86_64.tar/platform/tools/gcc-arm-none-eabi-10.3-2021.10/bin/../lib/gcc/arm-none-eabi/10.3.1/../../../../arm-none-eabi/lib/thumb/v7e-m/nofp/libnosys.a(read.o)
 .ARM.attributes
                0x0000000000000a1d       0x2e /home/ruff/programs/AT32_IDE_V1.0.04_Linux_x86_64/AT32IDE_V1.0.04_Linux_X86_64.tar/platform/tools/gcc-arm-none-eabi-10.3-2021.10/bin/../lib/gcc/arm-none-eabi/10.3.1/../../../../arm-none-eabi/lib/thumb/v7e-m/nofp/libnosys.a(sbrk.o)
 .ARM.attributes
                0x0000000000000a4b       0x1e /home/ruff/programs/AT32_IDE_V1.0.04_Linux_x86_64/AT32IDE_V1.0.04_Linux_X86_64.tar/platform/tools/gcc-arm-none-eabi-10.3-2021.10/bin/../lib/gcc/arm-none-eabi/10.3.1/thumb/v7e-m/nofp/crtn.o
OUTPUT(fmobl415.elf elf32-littlearm)
LOAD linker stubs
LOAD /home/ruff/programs/AT32_IDE_V1.0.04_Linux_x86_64/AT32IDE_V1.0.04_Linux_X86_64.tar/platform/tools/gcc-arm-none-eabi-10.3-2021.10/bin/../lib/gcc/arm-none-eabi/10.3.1/../../../../arm-none-eabi/lib/thumb/v7e-m/nofp/libc.a
LOAD /home/ruff/programs/AT32_IDE_V1.0.04_Linux_x86_64/AT32IDE_V1.0.04_Linux_X86_64.tar/platform/tools/gcc-arm-none-eabi-10.3-2021.10/bin/../lib/gcc/arm-none-eabi/10.3.1/../../../../arm-none-eabi/lib/thumb/v7e-m/nofp/libm.a
LOAD /home/ruff/programs/AT32_IDE_V1.0.04_Linux_x86_64/AT32IDE_V1.0.04_Linux_X86_64.tar/platform/tools/gcc-arm-none-eabi-10.3-2021.10/bin/../lib/gcc/arm-none-eabi/10.3.1/thumb/v7e-m/nofp/libgcc.a

.debug_info     0x0000000000000000    0x1351c
 .debug_info    0x0000000000000000      0xcdf ./user/at32f415_clock.o
 .debug_info    0x0000000000000cdf      0x10e ./user/at32f415_int.o
 .debug_info    0x0000000000000ded     0x1124 ./user/main.o
 .debug_info    0x0000000000001f11     0x214c ./firmware/at32f415_crm.o
 .debug_info    0x000000000000405d      0x500 ./firmware/at32f415_exint.o
 .debug_info    0x000000000000455d     0x118f ./firmware/at32f415_flash.o
 .debug_info    0x00000000000056ec     0x1b0a ./firmware/at32f415_gpio.o
 .debug_info    0x00000000000071f6      0x963 ./firmware/at32f415_misc.o
 .debug_info    0x0000000000007b59     0x25bb ./firmware/at32f415_tmr.o
 .debug_info    0x000000000000a114      0xfbb ./firmware/at32f415_usart.o
 .debug_info    0x000000000000b0cf       0x22 ./cmsis/startup_at32f415.o
 .debug_info    0x000000000000b0f1     0x14b7 ./cmsis/system_at32f415.o
 .debug_info    0x000000000000c5a8      0x24b ./bsp/iap/crc16.o
 .debug_info    0x000000000000c7f3      0x71e ./bsp/iap/iap.o
 .debug_info    0x000000000000cf11      0xc72 ./bsp/iap/iap_gpio.o
 .debug_info    0x000000000000db83      0x526 ./bsp/iap/ymodem.o
 .debug_info    0x000000000000e0a9     0x181a ./bsp/at32f415_board.o
 .debug_info    0x000000000000f8c3     0x16bc ./bsp/d1_uart.o
 .debug_info    0x0000000000010f7f      0x3ab ./bsp/flash.o
 .debug_info    0x000000000001132a      0xf3a ./bsp/mcu_gpio.o
 .debug_info    0x0000000000012264     0x12b8 ./bsp/tmr3.o

.debug_abbrev   0x0000000000000000     0x239a
 .debug_abbrev  0x0000000000000000      0x1b9 ./user/at32f415_clock.o
 .debug_abbrev  0x00000000000001b9       0x44 ./user/at32f415_int.o
 .debug_abbrev  0x00000000000001fd      0x1af ./user/main.o
 .debug_abbrev  0x00000000000003ac      0x229 ./firmware/at32f415_crm.o
 .debug_abbrev  0x00000000000005d5      0x159 ./firmware/at32f415_exint.o
 .debug_abbrev  0x000000000000072e      0x30c ./firmware/at32f415_flash.o
 .debug_abbrev  0x0000000000000a3a      0x203 ./firmware/at32f415_gpio.o
 .debug_abbrev  0x0000000000000c3d      0x232 ./firmware/at32f415_misc.o
 .debug_abbrev  0x0000000000000e6f      0x1e5 ./firmware/at32f415_tmr.o
 .debug_abbrev  0x0000000000001054      0x224 ./firmware/at32f415_usart.o
 .debug_abbrev  0x0000000000001278       0x12 ./cmsis/startup_at32f415.o
 .debug_abbrev  0x000000000000128a      0x187 ./cmsis/system_at32f415.o
 .debug_abbrev  0x0000000000001411       0xf5 ./bsp/iap/crc16.o
 .debug_abbrev  0x0000000000001506      0x202 ./bsp/iap/iap.o
 .debug_abbrev  0x0000000000001708      0x113 ./bsp/iap/iap_gpio.o
 .debug_abbrev  0x000000000000181b      0x187 ./bsp/iap/ymodem.o
 .debug_abbrev  0x00000000000019a2      0x320 ./bsp/at32f415_board.o
 .debug_abbrev  0x0000000000001cc2      0x2a1 ./bsp/d1_uart.o
 .debug_abbrev  0x0000000000001f63      0x151 ./bsp/flash.o
 .debug_abbrev  0x00000000000020b4      0x182 ./bsp/mcu_gpio.o
 .debug_abbrev  0x0000000000002236      0x164 ./bsp/tmr3.o

.debug_aranges  0x0000000000000000      0xa00
 .debug_aranges
                0x0000000000000000       0x20 ./user/at32f415_clock.o
 .debug_aranges
                0x0000000000000020       0x60 ./user/at32f415_int.o
 .debug_aranges
                0x0000000000000080       0x38 ./user/main.o
 .debug_aranges
                0x00000000000000b8      0x130 ./firmware/at32f415_crm.o
 .debug_aranges
                0x00000000000001e8       0x58 ./firmware/at32f415_exint.o
 .debug_aranges
                0x0000000000000240      0x120 ./firmware/at32f415_flash.o
 .debug_aranges
                0x0000000000000360       0xa0 ./firmware/at32f415_gpio.o
 .debug_aranges
                0x0000000000000400       0x88 ./firmware/at32f415_misc.o
 .debug_aranges
                0x0000000000000488      0x1d0 ./firmware/at32f415_tmr.o
 .debug_aranges
                0x0000000000000658      0x100 ./firmware/at32f415_usart.o
 .debug_aranges
                0x0000000000000758       0x28 ./cmsis/startup_at32f415.o
 .debug_aranges
                0x0000000000000780       0x28 ./cmsis/system_at32f415.o
 .debug_aranges
                0x00000000000007a8       0x30 ./bsp/iap/crc16.o
 .debug_aranges
                0x00000000000007d8       0x48 ./bsp/iap/iap.o
 .debug_aranges
                0x0000000000000820       0x20 ./bsp/iap/iap_gpio.o
 .debug_aranges
                0x0000000000000840       0x40 ./bsp/iap/ymodem.o
 .debug_aranges
                0x0000000000000880       0x98 ./bsp/at32f415_board.o
 .debug_aranges
                0x0000000000000918       0x38 ./bsp/d1_uart.o
 .debug_aranges
                0x0000000000000950       0x40 ./bsp/flash.o
 .debug_aranges
                0x0000000000000990       0x48 ./bsp/mcu_gpio.o
 .debug_aranges
                0x00000000000009d8       0x28 ./bsp/tmr3.o

.debug_ranges   0x0000000000000000      0x8b8
 .debug_ranges  0x0000000000000000       0x10 ./user/at32f415_clock.o
 .debug_ranges  0x0000000000000010       0x50 ./user/at32f415_int.o
 .debug_ranges  0x0000000000000060       0x28 ./user/main.o
 .debug_ranges  0x0000000000000088      0x120 ./firmware/at32f415_crm.o
 .debug_ranges  0x00000000000001a8       0x48 ./firmware/at32f415_exint.o
 .debug_ranges  0x00000000000001f0      0x110 ./firmware/at32f415_flash.o
 .debug_ranges  0x0000000000000300       0x90 ./firmware/at32f415_gpio.o
 .debug_ranges  0x0000000000000390       0x78 ./firmware/at32f415_misc.o
 .debug_ranges  0x0000000000000408      0x1c0 ./firmware/at32f415_tmr.o
 .debug_ranges  0x00000000000005c8       0xf0 ./firmware/at32f415_usart.o
 .debug_ranges  0x00000000000006b8       0x20 ./cmsis/startup_at32f415.o
 .debug_ranges  0x00000000000006d8       0x18 ./cmsis/system_at32f415.o
 .debug_ranges  0x00000000000006f0       0x20 ./bsp/iap/crc16.o
 .debug_ranges  0x0000000000000710       0x38 ./bsp/iap/iap.o
 .debug_ranges  0x0000000000000748       0x10 ./bsp/iap/iap_gpio.o
 .debug_ranges  0x0000000000000758       0x30 ./bsp/iap/ymodem.o
 .debug_ranges  0x0000000000000788       0x88 ./bsp/at32f415_board.o
 .debug_ranges  0x0000000000000810       0x28 ./bsp/d1_uart.o
 .debug_ranges  0x0000000000000838       0x30 ./bsp/flash.o
 .debug_ranges  0x0000000000000868       0x38 ./bsp/mcu_gpio.o
 .debug_ranges  0x00000000000008a0       0x18 ./bsp/tmr3.o

.debug_line     0x0000000000000000     0x5e9b
 .debug_line    0x0000000000000000      0x272 ./user/at32f415_clock.o
 .debug_line    0x0000000000000272       0xf8 ./user/at32f415_int.o
 .debug_line    0x000000000000036a      0x378 ./user/main.o
 .debug_line    0x00000000000006e2      0x979 ./firmware/at32f415_crm.o
 .debug_line    0x000000000000105b      0x36d ./firmware/at32f415_exint.o
 .debug_line    0x00000000000013c8      0x9ff ./firmware/at32f415_flash.o
 .debug_line    0x0000000000001dc7      0x5d6 ./firmware/at32f415_gpio.o
 .debug_line    0x000000000000239d      0x4c3 ./firmware/at32f415_misc.o
 .debug_line    0x0000000000002860      0xbcb ./firmware/at32f415_tmr.o
 .debug_line    0x000000000000342b      0x5a6 ./firmware/at32f415_usart.o
 .debug_line    0x00000000000039d1       0x77 ./cmsis/startup_at32f415.o
 .debug_line    0x0000000000003a48      0x40e ./cmsis/system_at32f415.o
 .debug_line    0x0000000000003e56      0x2f7 ./bsp/iap/crc16.o
 .debug_line    0x000000000000414d      0x384 ./bsp/iap/iap.o
 .debug_line    0x00000000000044d1      0x1ee ./bsp/iap/iap_gpio.o
 .debug_line    0x00000000000046bf      0x524 ./bsp/iap/ymodem.o
 .debug_line    0x0000000000004be3      0x5f8 ./bsp/at32f415_board.o
 .debug_line    0x00000000000051db      0x3a9 ./bsp/d1_uart.o
 .debug_line    0x0000000000005584      0x403 ./bsp/flash.o
 .debug_line    0x0000000000005987      0x2a8 ./bsp/mcu_gpio.o
 .debug_line    0x0000000000005c2f      0x26c ./bsp/tmr3.o

.debug_str      0x0000000000000000     0x63a0
 .debug_str     0x0000000000000000      0xab9 ./user/at32f415_clock.o
                                        0xb4d (size before relaxing)
 .debug_str     0x0000000000000ab9       0xa7 ./user/at32f415_int.o
                                        0x1d3 (size before relaxing)
 .debug_str     0x0000000000000b60      0xf08 ./user/main.o
                                       0x1092 (size before relaxing)
 .debug_str     0x0000000000001a68     0x1249 ./firmware/at32f415_crm.o
                                       0x1d17 (size before relaxing)
 .debug_str     0x0000000000002cb1      0x16f ./firmware/at32f415_exint.o
                                        0x3f8 (size before relaxing)
 .debug_str     0x0000000000002e20      0x46b ./firmware/at32f415_flash.o
                                        0x9d6 (size before relaxing)
 .debug_str     0x000000000000328b      0x707 ./firmware/at32f415_gpio.o
                                       0x1021 (size before relaxing)
 .debug_str     0x0000000000003992      0x3ba ./firmware/at32f415_misc.o
                                        0x984 (size before relaxing)
 .debug_str     0x0000000000003d4c     0x1813 ./firmware/at32f415_tmr.o
                                       0x1e4b (size before relaxing)
 .debug_str     0x000000000000555f      0x745 ./firmware/at32f415_usart.o
                                        0xc33 (size before relaxing)
 .debug_str     0x0000000000005ca4       0x2a ./cmsis/startup_at32f415.o
                                         0x53 (size before relaxing)
 .debug_str     0x0000000000005cce       0x63 ./cmsis/system_at32f415.o
                                        0xa15 (size before relaxing)
 .debug_str     0x0000000000005d31       0x84 ./bsp/iap/crc16.o
                                        0x1f9 (size before relaxing)
 .debug_str     0x0000000000005db5       0xb6 ./bsp/iap/iap.o
                                        0xb08 (size before relaxing)
 .debug_str     0x0000000000005e6b       0x34 ./bsp/iap/iap_gpio.o
                                        0x796 (size before relaxing)
 .debug_str     0x0000000000005e9f      0x197 ./bsp/iap/ymodem.o
                                        0x527 (size before relaxing)
 .debug_str     0x0000000000006036      0x172 ./bsp/at32f415_board.o
                                        0xe6e (size before relaxing)
 .debug_str     0x00000000000061a8       0x7e ./bsp/d1_uart.o
                                       0x1115 (size before relaxing)
 .debug_str     0x0000000000006226       0xe0 ./bsp/flash.o
                                        0x487 (size before relaxing)
 .debug_str     0x0000000000006306       0x54 ./bsp/mcu_gpio.o
                                        0x96c (size before relaxing)
 .debug_str     0x000000000000635a       0x46 ./bsp/tmr3.o
                                        0xcb4 (size before relaxing)

.comment        0x0000000000000000       0x49
 .comment       0x0000000000000000       0x49 ./user/at32f415_clock.o
                                         0x4a (size before relaxing)
 .comment       0x0000000000000049       0x4a ./user/at32f415_int.o
 .comment       0x0000000000000049       0x4a ./user/main.o
 .comment       0x0000000000000049       0x4a ./firmware/at32f415_crm.o
 .comment       0x0000000000000049       0x4a ./firmware/at32f415_exint.o
 .comment       0x0000000000000049       0x4a ./firmware/at32f415_flash.o
 .comment       0x0000000000000049       0x4a ./firmware/at32f415_gpio.o
 .comment       0x0000000000000049       0x4a ./firmware/at32f415_misc.o
 .comment       0x0000000000000049       0x4a ./firmware/at32f415_tmr.o
 .comment       0x0000000000000049       0x4a ./firmware/at32f415_usart.o
 .comment       0x0000000000000049       0x4a ./cmsis/system_at32f415.o
 .comment       0x0000000000000049       0x4a ./bsp/iap/crc16.o
 .comment       0x0000000000000049       0x4a ./bsp/iap/iap.o
 .comment       0x0000000000000049       0x4a ./bsp/iap/iap_gpio.o
 .comment       0x0000000000000049       0x4a ./bsp/iap/ymodem.o
 .comment       0x0000000000000049       0x4a ./bsp/at32f415_board.o
 .comment       0x0000000000000049       0x4a ./bsp/d1_uart.o
 .comment       0x0000000000000049       0x4a ./bsp/flash.o
 .comment       0x0000000000000049       0x4a ./bsp/mcu_gpio.o
 .comment       0x0000000000000049       0x4a ./bsp/tmr3.o

.debug_frame    0x0000000000000000     0x3018
 .debug_frame   0x0000000000000000       0x2c ./user/at32f415_clock.o
 .debug_frame   0x000000000000002c      0x110 ./user/at32f415_int.o
 .debug_frame   0x000000000000013c       0x8c ./user/main.o
 .debug_frame   0x00000000000001c8      0x57c ./firmware/at32f415_crm.o
 .debug_frame   0x0000000000000744      0x148 ./firmware/at32f415_exint.o
 .debug_frame   0x000000000000088c      0x494 ./firmware/at32f415_flash.o
 .debug_frame   0x0000000000000d20      0x2a8 ./firmware/at32f415_gpio.o
 .debug_frame   0x0000000000000fc8      0x210 ./firmware/at32f415_misc.o
 .debug_frame   0x00000000000011d8      0x89c ./firmware/at32f415_tmr.o
 .debug_frame   0x0000000000001a74      0x490 ./firmware/at32f415_usart.o
 .debug_frame   0x0000000000001f04       0x60 ./cmsis/system_at32f415.o
 .debug_frame   0x0000000000001f64       0x84 ./bsp/iap/crc16.o
 .debug_frame   0x0000000000001fe8       0xec ./bsp/iap/iap.o
 .debug_frame   0x00000000000020d4       0x2c ./bsp/iap/iap_gpio.o
 .debug_frame   0x0000000000002100       0xd0 ./bsp/iap/ymodem.o
 .debug_frame   0x00000000000021d0      0x23c ./bsp/at32f415_board.o
 .debug_frame   0x000000000000240c       0xa0 ./bsp/d1_uart.o
 .debug_frame   0x00000000000024ac       0xc4 ./bsp/flash.o
 .debug_frame   0x0000000000002570       0xf4 ./bsp/mcu_gpio.o
 .debug_frame   0x0000000000002664       0x50 ./bsp/tmr3.o
 .debug_frame   0x00000000000026b4       0x2c /home/ruff/programs/AT32_IDE_V1.0.04_Linux_x86_64/AT32IDE_V1.0.04_Linux_X86_64.tar/platform/tools/gcc-arm-none-eabi-10.3-2021.10/bin/../lib/gcc/arm-none-eabi/10.3.1/thumb/v7e-m/nofp/libgcc.a(_aeabi_uldivmod.o)
 .debug_frame   0x00000000000026e0       0x34 /home/ruff/programs/AT32_IDE_V1.0.04_Linux_x86_64/AT32IDE_V1.0.04_Linux_X86_64.tar/platform/tools/gcc-arm-none-eabi-10.3-2021.10/bin/../lib/gcc/arm-none-eabi/10.3.1/thumb/v7e-m/nofp/libgcc.a(_udivmoddi4.o)
 .debug_frame   0x0000000000002714       0x2c /home/ruff/programs/AT32_IDE_V1.0.04_Linux_x86_64/AT32IDE_V1.0.04_Linux_X86_64.tar/platform/tools/gcc-arm-none-eabi-10.3-2021.10/bin/../lib/gcc/arm-none-eabi/10.3.1/../../../../arm-none-eabi/lib/thumb/v7e-m/nofp/libg_nano.a(lib_a-init.o)
 .debug_frame   0x0000000000002740       0x20 /home/ruff/programs/AT32_IDE_V1.0.04_Linux_x86_64/AT32IDE_V1.0.04_Linux_X86_64.tar/platform/tools/gcc-arm-none-eabi-10.3-2021.10/bin/../lib/gcc/arm-none-eabi/10.3.1/../../../../arm-none-eabi/lib/thumb/v7e-m/nofp/libg_nano.a(lib_a-memset.o)
 .debug_frame   0x0000000000002760       0x74 /home/ruff/programs/AT32_IDE_V1.0.04_Linux_x86_64/AT32IDE_V1.0.04_Linux_X86_64.tar/platform/tools/gcc-arm-none-eabi-10.3-2021.10/bin/../lib/gcc/arm-none-eabi/10.3.1/../../../../arm-none-eabi/lib/thumb/v7e-m/nofp/libg_nano.a(lib_a-printf.o)
 .debug_frame   0x00000000000027d4       0x3c /home/ruff/programs/AT32_IDE_V1.0.04_Linux_x86_64/AT32IDE_V1.0.04_Linux_X86_64.tar/platform/tools/gcc-arm-none-eabi-10.3-2021.10/bin/../lib/gcc/arm-none-eabi/10.3.1/../../../../arm-none-eabi/lib/thumb/v7e-m/nofp/libg_nano.a(lib_a-puts.o)
 .debug_frame   0x0000000000002810       0x40 /home/ruff/programs/AT32_IDE_V1.0.04_Linux_x86_64/AT32IDE_V1.0.04_Linux_X86_64.tar/platform/tools/gcc-arm-none-eabi-10.3-2021.10/bin/../lib/gcc/arm-none-eabi/10.3.1/../../../../arm-none-eabi/lib/thumb/v7e-m/nofp/libg_nano.a(lib_a-wbuf.o)
 .debug_frame   0x0000000000002850       0x2c /home/ruff/programs/AT32_IDE_V1.0.04_Linux_x86_64/AT32IDE_V1.0.04_Linux_X86_64.tar/platform/tools/gcc-arm-none-eabi-10.3-2021.10/bin/../lib/gcc/arm-none-eabi/10.3.1/../../../../arm-none-eabi/lib/thumb/v7e-m/nofp/libg_nano.a(lib_a-wsetup.o)
 .debug_frame   0x000000000000287c       0x5c /home/ruff/programs/AT32_IDE_V1.0.04_Linux_x86_64/AT32IDE_V1.0.04_Linux_X86_64.tar/platform/tools/gcc-arm-none-eabi-10.3-2021.10/bin/../lib/gcc/arm-none-eabi/10.3.1/../../../../arm-none-eabi/lib/thumb/v7e-m/nofp/libg_nano.a(lib_a-fflush.o)
 .debug_frame   0x00000000000028d8      0x14c /home/ruff/programs/AT32_IDE_V1.0.04_Linux_x86_64/AT32IDE_V1.0.04_Linux_X86_64.tar/platform/tools/gcc-arm-none-eabi-10.3-2021.10/bin/../lib/gcc/arm-none-eabi/10.3.1/../../../../arm-none-eabi/lib/thumb/v7e-m/nofp/libg_nano.a(lib_a-findfp.o)
 .debug_frame   0x0000000000002a24       0x54 /home/ruff/programs/AT32_IDE_V1.0.04_Linux_x86_64/AT32IDE_V1.0.04_Linux_X86_64.tar/platform/tools/gcc-arm-none-eabi-10.3-2021.10/bin/../lib/gcc/arm-none-eabi/10.3.1/../../../../arm-none-eabi/lib/thumb/v7e-m/nofp/libg_nano.a(lib_a-fwalk.o)
 .debug_frame   0x0000000000002a78       0xb0 /home/ruff/programs/AT32_IDE_V1.0.04_Linux_x86_64/AT32IDE_V1.0.04_Linux_X86_64.tar/platform/tools/gcc-arm-none-eabi-10.3-2021.10/bin/../lib/gcc/arm-none-eabi/10.3.1/../../../../arm-none-eabi/lib/thumb/v7e-m/nofp/libg_nano.a(lib_a-lock.o)
 .debug_frame   0x0000000000002b28       0x58 /home/ruff/programs/AT32_IDE_V1.0.04_Linux_x86_64/AT32IDE_V1.0.04_Linux_X86_64.tar/platform/tools/gcc-arm-none-eabi-10.3-2021.10/bin/../lib/gcc/arm-none-eabi/10.3.1/../../../../arm-none-eabi/lib/thumb/v7e-m/nofp/libg_nano.a(lib_a-makebuf.o)
 .debug_frame   0x0000000000002b80       0x38 /home/ruff/programs/AT32_IDE_V1.0.04_Linux_x86_64/AT32IDE_V1.0.04_Linux_X86_64.tar/platform/tools/gcc-arm-none-eabi-10.3-2021.10/bin/../lib/gcc/arm-none-eabi/10.3.1/../../../../arm-none-eabi/lib/thumb/v7e-m/nofp/libg_nano.a(lib_a-nano-freer.o)
 .debug_frame   0x0000000000002bb8       0x4c /home/ruff/programs/AT32_IDE_V1.0.04_Linux_x86_64/AT32IDE_V1.0.04_Linux_X86_64.tar/platform/tools/gcc-arm-none-eabi-10.3-2021.10/bin/../lib/gcc/arm-none-eabi/10.3.1/../../../../arm-none-eabi/lib/thumb/v7e-m/nofp/libg_nano.a(lib_a-nano-mallocr.o)
 .debug_frame   0x0000000000002c04       0xac /home/ruff/programs/AT32_IDE_V1.0.04_Linux_x86_64/AT32IDE_V1.0.04_Linux_X86_64.tar/platform/tools/gcc-arm-none-eabi-10.3-2021.10/bin/../lib/gcc/arm-none-eabi/10.3.1/../../../../arm-none-eabi/lib/thumb/v7e-m/nofp/libg_nano.a(lib_a-nano-vfprintf.o)
 .debug_frame   0x0000000000002cb0       0x60 /home/ruff/programs/AT32_IDE_V1.0.04_Linux_x86_64/AT32IDE_V1.0.04_Linux_X86_64.tar/platform/tools/gcc-arm-none-eabi-10.3-2021.10/bin/../lib/gcc/arm-none-eabi/10.3.1/../../../../arm-none-eabi/lib/thumb/v7e-m/nofp/libg_nano.a(lib_a-nano-vfprintf_i.o)
 .debug_frame   0x0000000000002d10       0x2c /home/ruff/programs/AT32_IDE_V1.0.04_Linux_x86_64/AT32IDE_V1.0.04_Linux_X86_64.tar/platform/tools/gcc-arm-none-eabi-10.3-2021.10/bin/../lib/gcc/arm-none-eabi/10.3.1/../../../../arm-none-eabi/lib/thumb/v7e-m/nofp/libg_nano.a(lib_a-sbrkr.o)
 .debug_frame   0x0000000000002d3c       0x88 /home/ruff/programs/AT32_IDE_V1.0.04_Linux_x86_64/AT32IDE_V1.0.04_Linux_X86_64.tar/platform/tools/gcc-arm-none-eabi-10.3-2021.10/bin/../lib/gcc/arm-none-eabi/10.3.1/../../../../arm-none-eabi/lib/thumb/v7e-m/nofp/libg_nano.a(lib_a-stdio.o)
 .debug_frame   0x0000000000002dc4       0x2c /home/ruff/programs/AT32_IDE_V1.0.04_Linux_x86_64/AT32IDE_V1.0.04_Linux_X86_64.tar/platform/tools/gcc-arm-none-eabi-10.3-2021.10/bin/../lib/gcc/arm-none-eabi/10.3.1/../../../../arm-none-eabi/lib/thumb/v7e-m/nofp/libg_nano.a(lib_a-writer.o)
 .debug_frame   0x0000000000002df0       0x2c /home/ruff/programs/AT32_IDE_V1.0.04_Linux_x86_64/AT32IDE_V1.0.04_Linux_X86_64.tar/platform/tools/gcc-arm-none-eabi-10.3-2021.10/bin/../lib/gcc/arm-none-eabi/10.3.1/../../../../arm-none-eabi/lib/thumb/v7e-m/nofp/libg_nano.a(lib_a-closer.o)
 .debug_frame   0x0000000000002e1c       0x2c /home/ruff/programs/AT32_IDE_V1.0.04_Linux_x86_64/AT32IDE_V1.0.04_Linux_X86_64.tar/platform/tools/gcc-arm-none-eabi-10.3-2021.10/bin/../lib/gcc/arm-none-eabi/10.3.1/../../../../arm-none-eabi/lib/thumb/v7e-m/nofp/libg_nano.a(lib_a-fstatr.o)
 .debug_frame   0x0000000000002e48       0x2c /home/ruff/programs/AT32_IDE_V1.0.04_Linux_x86_64/AT32IDE_V1.0.04_Linux_X86_64.tar/platform/tools/gcc-arm-none-eabi-10.3-2021.10/bin/../lib/gcc/arm-none-eabi/10.3.1/../../../../arm-none-eabi/lib/thumb/v7e-m/nofp/libg_nano.a(lib_a-isattyr.o)
 .debug_frame   0x0000000000002e74       0x2c /home/ruff/programs/AT32_IDE_V1.0.04_Linux_x86_64/AT32IDE_V1.0.04_Linux_X86_64.tar/platform/tools/gcc-arm-none-eabi-10.3-2021.10/bin/../lib/gcc/arm-none-eabi/10.3.1/../../../../arm-none-eabi/lib/thumb/v7e-m/nofp/libg_nano.a(lib_a-lseekr.o)
 .debug_frame   0x0000000000002ea0       0x30 /home/ruff/programs/AT32_IDE_V1.0.04_Linux_x86_64/AT32IDE_V1.0.04_Linux_X86_64.tar/platform/tools/gcc-arm-none-eabi-10.3-2021.10/bin/../lib/gcc/arm-none-eabi/10.3.1/../../../../arm-none-eabi/lib/thumb/v7e-m/nofp/libg_nano.a(lib_a-mlock.o)
 .debug_frame   0x0000000000002ed0       0x2c /home/ruff/programs/AT32_IDE_V1.0.04_Linux_x86_64/AT32IDE_V1.0.04_Linux_X86_64.tar/platform/tools/gcc-arm-none-eabi-10.3-2021.10/bin/../lib/gcc/arm-none-eabi/10.3.1/../../../../arm-none-eabi/lib/thumb/v7e-m/nofp/libg_nano.a(lib_a-readr.o)
 .debug_frame   0x0000000000002efc       0x5c /home/ruff/programs/AT32_IDE_V1.0.04_Linux_x86_64/AT32IDE_V1.0.04_Linux_X86_64.tar/platform/tools/gcc-arm-none-eabi-10.3-2021.10/bin/../lib/gcc/arm-none-eabi/10.3.1/../../../../arm-none-eabi/lib/thumb/v7e-m/nofp/libg_nano.a(lib_a-reent.o)
 .debug_frame   0x0000000000002f58       0x20 /home/ruff/programs/AT32_IDE_V1.0.04_Linux_x86_64/AT32IDE_V1.0.04_Linux_X86_64.tar/platform/tools/gcc-arm-none-eabi-10.3-2021.10/bin/../lib/gcc/arm-none-eabi/10.3.1/../../../../arm-none-eabi/lib/thumb/v7e-m/nofp/libnosys.a(close.o)
 .debug_frame   0x0000000000002f78       0x20 /home/ruff/programs/AT32_IDE_V1.0.04_Linux_x86_64/AT32IDE_V1.0.04_Linux_X86_64.tar/platform/tools/gcc-arm-none-eabi-10.3-2021.10/bin/../lib/gcc/arm-none-eabi/10.3.1/../../../../arm-none-eabi/lib/thumb/v7e-m/nofp/libnosys.a(fstat.o)
 .debug_frame   0x0000000000002f98       0x20 /home/ruff/programs/AT32_IDE_V1.0.04_Linux_x86_64/AT32IDE_V1.0.04_Linux_X86_64.tar/platform/tools/gcc-arm-none-eabi-10.3-2021.10/bin/../lib/gcc/arm-none-eabi/10.3.1/../../../../arm-none-eabi/lib/thumb/v7e-m/nofp/libnosys.a(isatty.o)
 .debug_frame   0x0000000000002fb8       0x20 /home/ruff/programs/AT32_IDE_V1.0.04_Linux_x86_64/AT32IDE_V1.0.04_Linux_X86_64.tar/platform/tools/gcc-arm-none-eabi-10.3-2021.10/bin/../lib/gcc/arm-none-eabi/10.3.1/../../../../arm-none-eabi/lib/thumb/v7e-m/nofp/libnosys.a(lseek.o)
 .debug_frame   0x0000000000002fd8       0x20 /home/ruff/programs/AT32_IDE_V1.0.04_Linux_x86_64/AT32IDE_V1.0.04_Linux_X86_64.tar/platform/tools/gcc-arm-none-eabi-10.3-2021.10/bin/../lib/gcc/arm-none-eabi/10.3.1/../../../../arm-none-eabi/lib/thumb/v7e-m/nofp/libnosys.a(read.o)
 .debug_frame   0x0000000000002ff8       0x20 /home/ruff/programs/AT32_IDE_V1.0.04_Linux_x86_64/AT32IDE_V1.0.04_Linux_X86_64.tar/platform/tools/gcc-arm-none-eabi-10.3-2021.10/bin/../lib/gcc/arm-none-eabi/10.3.1/../../../../arm-none-eabi/lib/thumb/v7e-m/nofp/libnosys.a(sbrk.o)

.stab           0x0000000000000000       0x84
 .stab          0x0000000000000000       0x24 /home/ruff/programs/AT32_IDE_V1.0.04_Linux_x86_64/AT32IDE_V1.0.04_Linux_X86_64.tar/platform/tools/gcc-arm-none-eabi-10.3-2021.10/bin/../lib/gcc/arm-none-eabi/10.3.1/../../../../arm-none-eabi/lib/thumb/v7e-m/nofp/libnosys.a(close.o)
 .stab          0x0000000000000024       0x18 /home/ruff/programs/AT32_IDE_V1.0.04_Linux_x86_64/AT32IDE_V1.0.04_Linux_X86_64.tar/platform/tools/gcc-arm-none-eabi-10.3-2021.10/bin/../lib/gcc/arm-none-eabi/10.3.1/../../../../arm-none-eabi/lib/thumb/v7e-m/nofp/libnosys.a(fstat.o)
                                         0x24 (size before relaxing)
 .stab          0x000000000000003c       0x18 /home/ruff/programs/AT32_IDE_V1.0.04_Linux_x86_64/AT32IDE_V1.0.04_Linux_X86_64.tar/platform/tools/gcc-arm-none-eabi-10.3-2021.10/bin/../lib/gcc/arm-none-eabi/10.3.1/../../../../arm-none-eabi/lib/thumb/v7e-m/nofp/libnosys.a(isatty.o)
                                         0x24 (size before relaxing)
 .stab          0x0000000000000054       0x18 /home/ruff/programs/AT32_IDE_V1.0.04_Linux_x86_64/AT32IDE_V1.0.04_Linux_X86_64.tar/platform/tools/gcc-arm-none-eabi-10.3-2021.10/bin/../lib/gcc/arm-none-eabi/10.3.1/../../../../arm-none-eabi/lib/thumb/v7e-m/nofp/libnosys.a(lseek.o)
                                         0x24 (size before relaxing)
 .stab          0x000000000000006c       0x18 /home/ruff/programs/AT32_IDE_V1.0.04_Linux_x86_64/AT32IDE_V1.0.04_Linux_X86_64.tar/platform/tools/gcc-arm-none-eabi-10.3-2021.10/bin/../lib/gcc/arm-none-eabi/10.3.1/../../../../arm-none-eabi/lib/thumb/v7e-m/nofp/libnosys.a(read.o)
                                         0x24 (size before relaxing)

.stabstr        0x0000000000000000      0x117